Archive member included to satisfy reference by file (symbol)

C:/devkitPro/wut/lib\libwut.a(vpad.o)
                              main.o (VPADRead)
C:/devkitPro/wut/lib\libwut.a(coreinit.o)
                              main.o (OSFatal)
C:/devkitPro/wut/lib\libwut.a(crt0_rpx.o)
                              (__rpx_start)
C:/devkitPro/wut/lib\libwut.a(wut_preinit.o)
                              C:/devkitPro/wut/lib\libwut.a(crt0_rpx.o) (__preinit_user)
C:/devkitPro/wut/lib\libwut.a(wut_crt.o)
                              C:/devkitPro/wut/lib\libwut.a(crt0_rpx.o) (__init_wut)
C:/devkitPro/wut/lib\libwut.a(wut_newlib.o)
                              C:/devkitPro/wut/lib\libwut.a(wut_crt.o) (__init_wut_newlib)
C:/devkitPro/wut/lib\libwut.a(wut_gettod_r.o)
                              C:/devkitPro/wut/lib\libwut.a(wut_newlib.o) (__wut_gettod_r)
C:/devkitPro/wut/lib\libwut.a(wut_nanosleep.o)
                              C:/devkitPro/wut/lib\libwut.a(wut_newlib.o) (__wut_nanosleep)
C:/devkitPro/wut/lib\libwut.a(wut_sbrk.o)
                              C:/devkitPro/wut/lib\libwut.a(wut_newlib.o) (__wut_sbrk_r)
C:/devkitPro/wut/lib\libwut.a(wut_malloc_lock.o)
                              C:/devkitPro/wut/lib\libwut.a(wut_newlib.o) (__wut_malloc_lock)
C:/devkitPro/wut/lib\libwut.a(devoptab_fs.o)
                              C:/devkitPro/wut/lib\libwut.a(wut_crt.o) (__init_wut_devoptab)
C:/devkitPro/wut/lib\libwut.a(devoptab_fs_dirclose.o)
                              C:/devkitPro/wut/lib\libwut.a(devoptab_fs.o) (__wut_fs_dirclose)
C:/devkitPro/wut/lib\libwut.a(devoptab_fs_seek.o)
                              C:/devkitPro/wut/lib\libwut.a(devoptab_fs.o) (__wut_fs_seek)
C:/devkitPro/wut/lib\libwut.a(devoptab_fs_dirreset.o)
                              C:/devkitPro/wut/lib\libwut.a(devoptab_fs.o) (__wut_fs_dirreset)
C:/devkitPro/wut/lib\libwut.a(devoptab_fs_rmdir.o)
                              C:/devkitPro/wut/lib\libwut.a(devoptab_fs.o) (__wut_fs_rmdir)
C:/devkitPro/wut/lib\libwut.a(devoptab_fs_close.o)
                              C:/devkitPro/wut/lib\libwut.a(devoptab_fs.o) (__wut_fs_close)
C:/devkitPro/wut/lib\libwut.a(devoptab_fs_write.o)
                              C:/devkitPro/wut/lib\libwut.a(devoptab_fs.o) (__wut_fs_write)
C:/devkitPro/wut/lib\libwut.a(devoptab_fs_chmod.o)
                              C:/devkitPro/wut/lib\libwut.a(devoptab_fs.o) (__wut_fs_chmod)
C:/devkitPro/wut/lib\libwut.a(devoptab_fs_fchmod.o)
                              C:/devkitPro/wut/lib\libwut.a(devoptab_fs.o) (__wut_fs_fchmod)
C:/devkitPro/wut/lib\libwut.a(devoptab_fs_mkdir.o)
                              C:/devkitPro/wut/lib\libwut.a(devoptab_fs.o) (__wut_fs_mkdir)
C:/devkitPro/wut/lib\libwut.a(devoptab_fs_dirnext.o)
                              C:/devkitPro/wut/lib\libwut.a(devoptab_fs.o) (__wut_fs_dirnext)
C:/devkitPro/wut/lib\libwut.a(devoptab_fs_truncate.o)
                              C:/devkitPro/wut/lib\libwut.a(devoptab_fs.o) (__wut_fs_ftruncate)
C:/devkitPro/wut/lib\libwut.a(devoptab_fs_statvfs.o)
                              C:/devkitPro/wut/lib\libwut.a(devoptab_fs.o) (__wut_fs_statvfs)
C:/devkitPro/wut/lib\libwut.a(devoptab_fs_rename.o)
                              C:/devkitPro/wut/lib\libwut.a(devoptab_fs.o) (__wut_fs_rename)
C:/devkitPro/wut/lib\libwut.a(devoptab_fs_utimes.o)
                              C:/devkitPro/wut/lib\libwut.a(devoptab_fs.o) (__wut_fs_utimes)
C:/devkitPro/wut/lib\libwut.a(wut_defaultheap.o)
                              C:/devkitPro/wut/lib\libwut.a(wut_preinit.o) (__init_wut_defaultheap)
C:/devkitPro/wut/lib\libwut.a(log_udp.o)
                              main.o (WHBLogUdpInit)
C:/devkitPro/wut/lib\libwut.a(log.o)
                              C:/devkitPro/wut/lib\libwut.a(log_udp.o) (WHBAddLogHandler)
C:/devkitPro/wut/lib\libwut.a(console.o)
                              main.o (WHBLogConsoleInit)
C:/devkitPro/wut/lib\libwut.a(log_cafe.o)
                              main.o (WHBLogCafeInit)
C:/devkitPro/wut/lib\libwut.a(proc.o)
                              main.o (WHBProcInit)
C:/devkitPro/wut/lib\libwut.a(wut_gthread.o)
                              C:/devkitPro/wut/lib\libwut.a(wut_crt.o) (__init_wut_stdcpp)
C:/devkitPro/wut/lib\libwut.a(nsysnet.o)
                              C:/devkitPro/wut/lib\libwut.a(log_udp.o) (htonl)
C:/devkitPro/wut/lib\libwut.a(proc_ui.o)
                              C:/devkitPro/wut/lib\libwut.a(proc.o) (ProcUIDrawDoneRelease)
C:/devkitPro/wut/lib\libwut.a(sysapp.o)
                              C:/devkitPro/wut/lib\libwut.a(proc.o) (SYSRelaunchTitle)
C:/devkitPro/wut/lib\libwut.a(wut_lock.o)
                              C:/devkitPro/wut/lib\libwut.a(wut_newlib.o) (__wut_lock_init)
C:/devkitPro/wut/lib\libwut.a(wut_clock.o)
                              C:/devkitPro/wut/lib\libwut.a(wut_newlib.o) (__wut_clock_gettime)
[...]
Memory Configuration

Name             Origin             Length             Attributes
codemem          0x0000000002000000 0x000000000e000000 xrw
datamem          0x0000000010000000 0x0000000032000000 rw
loadmem          0x00000000c0000000 0x0000000008000000 xrw
*default*        0x0000000000000000 0xffffffffffffffff

Linker script and memory map

                0x0000000002000000                . = ORIGIN (codemem)

.syscall
 *(.syscall .syscall.*)

.text           0x0000000002000000    0x10ff0
 *(.crt0)
 .crt0          0x0000000002000000       0x2c C:/devkitPro/wut/lib\libwut.a(crt0_rpx.o)
                0x0000000002000000                __rpx_start
 *(SORT_NONE(.init))
 .init          0x000000000200002c        0xc c:/devkitpro/devkitppc/bin/../lib/gcc/powerpc-eabi/12.1.0/ecrti.o
                0x000000000200002c                __init
 .init          0x0000000002000038        0x4 c:/devkitpro/devkitppc/bin/../lib/gcc/powerpc-eabi/12.1.0/crtbegin.o
 .init          0x000000000200003c        0x4 c:/devkitpro/devkitppc/bin/../lib/gcc/powerpc-eabi/12.1.0/crtend.o
 .init          0x0000000002000040       0x10 c:/devkitpro/devkitppc/bin/../lib/gcc/powerpc-eabi/12.1.0/ecrtn.o
 *(.text.unlikely .text.*_unlikely .text.unlikely.*)
 *(.text.exit .text.exit.*)
 .text.exit     0x0000000002000050       0x40 c:/devkitpro/devkitppc/bin/../lib/gcc/powerpc-eabi/12.1.0/../../../../powerpc-eabi/lib\libc.a(lib_a-exit.o)
                0x0000000002000050                exit
 *(.text.startup .text.startup.*)
 .text.startup.main
                0x0000000002000090      0x1d8 main.o
                                        0x178 (size before relaxing)
                0x0000000002000090                main
 *(.text.hot .text.hot.*)
 *(SORT_BY_NAME(.text.sorted.*))
 *(.text .stub .text.* .gnu.linkonce.t.*)
 .text.__do_global_dtors_aux
                0x0000000002000268       0xcc c:/devkitpro/devkitppc/bin/../lib/gcc/powerpc-eabi/12.1.0/crtbegin.o
 .text.frame_dummy
                0x0000000002000334       0x24 c:/devkitpro/devkitppc/bin/../lib/gcc/powerpc-eabi/12.1.0/crtbegin.o
 .text.Exiting  0x0000000002000358       0x98 main.o
                                         0x68 (size before relaxing)
                0x0000000002000358                Exiting
 .text.__preinit_user
                0x00000000020003f0       0x28 C:/devkitPro/wut/lib\libwut.a(wut_preinit.o)
                0x00000000020003f0                __preinit_user
 .text.__init_wut
                0x0000000002000418       0x68 C:/devkitPro/wut/lib\libwut.a(wut_crt.o)
                                         0x58 (size before relaxing)
                0x0000000002000418                __init_wut
 .text.__fini_wut
                0x0000000002000480       0x38 C:/devkitPro/wut/lib\libwut.a(wut_crt.o)
                0x0000000002000480                __fini_wut
 .text.__syscall_sbrk_r
                0x00000000020004b8        0x4 C:/devkitPro/wut/lib\libwut.a(wut_newlib.o)
                0x00000000020004b8                __syscall_sbrk_r
 .text.__syscall_lock_init
                0x00000000020004bc        0x4 C:/devkitPro/wut/lib\libwut.a(wut_newlib.o)
                0x00000000020004bc                __syscall_lock_init
 .text.__syscall_lock_close
                0x00000000020004c0        0x4 C:/devkitPro/wut/lib\libwut.a(wut_newlib.o)
                0x00000000020004c0                __syscall_lock_close
 .text.__syscall_lock_release
                0x00000000020004c4        0x4 C:/devkitPro/wut/lib\libwut.a(wut_newlib.o)
                0x00000000020004c4                __syscall_lock_release
 .text.__syscall_lock_acquire
                0x00000000020004c8        0x4 C:/devkitPro/wut/lib\libwut.a(wut_newlib.o)
                0x00000000020004c8                __syscall_lock_acquire
 .text.__syscall_malloc_lock
                0x00000000020004cc        0x4 C:/devkitPro/wut/lib\libwut.a(wut_newlib.o)
                0x00000000020004cc                __syscall_malloc_lock
 .text.__syscall_malloc_unlock
                0x00000000020004d0        0x4 C:/devkitPro/wut/lib\libwut.a(wut_newlib.o)
                0x00000000020004d0                __syscall_malloc_unlock
 .text.__syscall_exit
                0x00000000020004d4       0x3c C:/devkitPro/wut/lib\libwut.a(wut_newlib.o)
                0x00000000020004d4                __syscall_exit
 .text.__init_wut_newlib
                0x0000000002000510       0x14 C:/devkitPro/wut/lib\libwut.a(wut_newlib.o)
                0x0000000002000510                __init_wut_newlib
 .text.__fini_wut_newlib
                0x0000000002000524        0x4 C:/devkitPro/wut/lib\libwut.a(wut_newlib.o)
                0x0000000002000524                __fini_wut_newlib
 .text.__wut_sbrk_r
                0x0000000002000528       0xd8 C:/devkitPro/wut/lib\libwut.a(wut_sbrk.o)
                                         0xc8 (size before relaxing)
                0x0000000002000528                __wut_sbrk_r
 .text.__init_wut_sbrk_heap
                0x0000000002000600       0xa8 C:/devkitPro/wut/lib\libwut.a(wut_sbrk.o)
                                         0x88 (size before relaxing)
                0x0000000002000600                __init_wut_sbrk_heap
 .text.__fini_wut_sbrk_heap
                0x00000000020006a8       0x70 C:/devkitPro/wut/lib\libwut.a(wut_sbrk.o)
                                         0x60 (size before relaxing)
                0x00000000020006a8                __fini_wut_sbrk_heap
 .text.__wut_malloc_lock
                0x0000000002000718       0x1c C:/devkitPro/wut/lib\libwut.a(wut_malloc_lock.o)
                                          0xc (size before relaxing)
                0x0000000002000718                __wut_malloc_lock
 .text.__wut_malloc_unlock
                0x0000000002000734       0x1c C:/devkitPro/wut/lib\libwut.a(wut_malloc_lock.o)
                                          0xc (size before relaxing)
                0x0000000002000734                __wut_malloc_unlock
 .text.__init_wut_malloc_lock
                0x0000000002000750       0x1c C:/devkitPro/wut/lib\libwut.a(wut_malloc_lock.o)
                                          0xc (size before relaxing)
                0x0000000002000750                __init_wut_malloc_lock
 .text.__init_wut_devoptab
                0x000000000200076c      0x1dc C:/devkitPro/wut/lib\libwut.a(devoptab_fs.o)
                                        0x17c (size before relaxing)
                0x000000000200076c                __init_wut_devoptab
 .text.__fini_wut_devoptab
                0x0000000002000948       0xe4 C:/devkitPro/wut/lib\libwut.a(devoptab_fs.o)
                                         0xb4 (size before relaxing)
                0x0000000002000948                __fini_wut_devoptab
 .text.__wut_fs_dirclose
                0x0000000002000a2c       0xac C:/devkitPro/wut/lib\libwut.a(devoptab_fs_dirclose.o)
                                         0x8c (size before relaxing)
                0x0000000002000a2c                __wut_fs_dirclose
 .text.__wut_fs_seek
                0x0000000002000ad8      0x1bc C:/devkitPro/wut/lib\libwut.a(devoptab_fs_seek.o)
                                        0x18c (size before relaxing)
                0x0000000002000ad8                __wut_fs_seek
 .text.__wut_fs_dirreset
                0x0000000002000c94       0xac C:/devkitPro/wut/lib\libwut.a(devoptab_fs_dirreset.o)
                                         0x8c (size before relaxing)
                0x0000000002000c94                __wut_fs_dirreset
 .text.__wut_fs_rmdir
                0x0000000002000d40       0xf8 C:/devkitPro/wut/lib\libwut.a(devoptab_fs_rmdir.o)
                                         0xd8 (size before relaxing)
                0x0000000002000d40                __wut_fs_rmdir
 .text.__wut_fs_close
                0x0000000002000e38       0xa8 C:/devkitPro/wut/lib\libwut.a(devoptab_fs_close.o)
                                         0x88 (size before relaxing)
                0x0000000002000e38                __wut_fs_close
 .text.__wut_fs_write
                0x0000000002000ee0      0x200 C:/devkitPro/wut/lib\libwut.a(devoptab_fs_write.o)
                                        0x1e0 (size before relaxing)
                0x0000000002000ee0                __wut_fs_write
 .text.__wut_fs_chmod
                0x00000000020010e0      0x108 C:/devkitPro/wut/lib\libwut.a(devoptab_fs_chmod.o)
                                         0xe8 (size before relaxing)
                0x00000000020010e0                __wut_fs_chmod
 .text.__wut_fs_fchmod
                0x00000000020011e8       0x10 C:/devkitPro/wut/lib\libwut.a(devoptab_fs_fchmod.o)
                0x00000000020011e8                __wut_fs_fchmod
 .text.__wut_fs_mkdir
                0x00000000020011f8       0xec C:/devkitPro/wut/lib\libwut.a(devoptab_fs_mkdir.o)
                                         0xcc (size before relaxing)
                0x00000000020011f8                __wut_fs_mkdir
 .text.__wut_fs_dirnext
                0x00000000020012e4      0x140 C:/devkitPro/wut/lib\libwut.a(devoptab_fs_dirnext.o)
                                        0x120 (size before relaxing)
                0x00000000020012e4                __wut_fs_dirnext
 .text.__wut_fs_ftruncate
                0x0000000002001424       0xfc C:/devkitPro/wut/lib\libwut.a(devoptab_fs_truncate.o)
                                         0xcc (size before relaxing)
                0x0000000002001424                __wut_fs_ftruncate
 .text.__wut_fs_statvfs
                0x0000000002001520       0x10 C:/devkitPro/wut/lib\libwut.a(devoptab_fs_statvfs.o)
                0x0000000002001520                __wut_fs_statvfs
 .text.__wut_fs_rename
                0x0000000002001530      0x144 C:/devkitPro/wut/lib\libwut.a(devoptab_fs_rename.o)
                                        0x124 (size before relaxing)
                0x0000000002001530                __wut_fs_rename
 .text.__wut_fs_utimes
                0x0000000002001674       0x10 C:/devkitPro/wut/lib\libwut.a(devoptab_fs_utimes.o)
                0x0000000002001674                __wut_fs_utimes
 .text.__wut_alloc_from_defaultheap
                0x0000000002001684        0x4 C:/devkitPro/wut/lib\libwut.a(wut_defaultheap.o)
                0x0000000002001684                __wut_alloc_from_defaultheap
 .text.__wut_alloc_from_defaultheap_ex
                0x0000000002001688       0x10 C:/devkitPro/wut/lib\libwut.a(wut_defaultheap.o)
                0x0000000002001688                __wut_alloc_from_defaultheap_ex
 .text.__wut_free_to_defaultheap
                0x0000000002001698        0x4 C:/devkitPro/wut/lib\libwut.a(wut_defaultheap.o)
                0x0000000002001698                __wut_free_to_defaultheap
 .text.__init_wut_defaultheap
                0x000000000200169c       0x34 C:/devkitPro/wut/lib\libwut.a(wut_defaultheap.o)
                0x000000000200169c                __init_wut_defaultheap
 .text.udpLogHandler
                0x00000000020016d0       0x4c C:/devkitPro/wut/lib\libwut.a(log_udp.o)
 .text.WHBLogUdpInit
                0x000000000200171c       0xe4 C:/devkitPro/wut/lib\libwut.a(log_udp.o)
                                         0xc4 (size before relaxing)
                0x000000000200171c                WHBLogUdpInit
 .text.WHBLogUdpDeinit
                0x0000000002001800       0x4c C:/devkitPro/wut/lib\libwut.a(log_udp.o)
                0x0000000002001800                WHBLogUdpDeinit
 .text.WHBAddLogHandler
                0x000000000200184c       0x70 C:/devkitPro/wut/lib\libwut.a(log.o)
                0x000000000200184c                WHBAddLogHandler
 .text.WHBRemoveLogHandler
                0x00000000020018bc       0x68 C:/devkitPro/wut/lib\libwut.a(log.o)
                0x00000000020018bc                WHBRemoveLogHandler
 .text.WHBLogPrintf
                0x0000000002001924      0x1c4 C:/devkitPro/wut/lib\libwut.a(log.o)
                0x0000000002001924                WHBLogPrintf
 .text.ConsoleAddLine
                0x0000000002001ae8      0x160 C:/devkitPro/wut/lib\libwut.a(console.o)
 .text.ConsoleProcCallbackReleased
                0x0000000002001c48       0x60 C:/devkitPro/wut/lib\libwut.a(console.o)
                                         0x40 (size before relaxing)
 .text.ConsoleProcCallbackAcquired
                0x0000000002001ca8       0xf4 C:/devkitPro/wut/lib\libwut.a(console.o)
                                         0xc4 (size before relaxing)
 .text.WHBLogConsoleInit
                0x0000000002001d9c       0xe8 C:/devkitPro/wut/lib\libwut.a(console.o)
                                         0xa8 (size before relaxing)
                0x0000000002001d9c                WHBLogConsoleInit
 .text.WHBLogConsoleFree
                0x0000000002001e84       0x90 C:/devkitPro/wut/lib\libwut.a(console.o)
                                         0x60 (size before relaxing)
                0x0000000002001e84                WHBLogConsoleFree
 .text.WHBLogConsoleDraw
                0x0000000002001f14      0x11c C:/devkitPro/wut/lib\libwut.a(console.o)
                                         0xdc (size before relaxing)
                0x0000000002001f14                WHBLogConsoleDraw
 .text.cafeLogHandler
                0x0000000002002030       0x78 C:/devkitPro/wut/lib\libwut.a(log_cafe.o)
                                         0x68 (size before relaxing)
 .text.WHBLogCafeInit
                0x00000000020020a8        0xc C:/devkitPro/wut/lib\libwut.a(log_cafe.o)
                0x00000000020020a8                WHBLogCafeInit
 .text.WHBLogCafeDeinit
                0x00000000020020b4        0xc C:/devkitPro/wut/lib\libwut.a(log_cafe.o)
                0x00000000020020b4                WHBLogCafeDeinit
 .text.procHomeButtonDenied
                0x00000000020020c0       0x24 C:/devkitPro/wut/lib\libwut.a(proc.o)
 .text.procSaveCallback
                0x00000000020020e4       0x34 C:/devkitPro/wut/lib\libwut.a(proc.o)
                                         0x24 (size before relaxing)
 .text.WHBProcInit
                0x0000000002002118      0x150 C:/devkitPro/wut/lib\libwut.a(proc.o)
                                        0x100 (size before relaxing)
                0x0000000002002118                WHBProcInit
 .text.WHBProcShutdown
                0x0000000002002268       0x38 C:/devkitPro/wut/lib\libwut.a(proc.o)
                                         0x28 (size before relaxing)
                0x0000000002002268                WHBProcShutdown
 .text.__init_wut_stdcpp
                0x00000000020022a0        0x4 C:/devkitPro/wut/lib\libwut.a(wut_gthread.o)
                0x00000000020022a0                __init_wut_stdcpp
 .text.__fini_wut_stdcpp
                0x00000000020022a4        0x4 C:/devkitPro/wut/lib\libwut.a(wut_gthread.o)
                0x00000000020022a4                __fini_wut_stdcpp
 .text.__wut_lock_init
                0x00000000020022a8       0xec C:/devkitPro/wut/lib\libwut.a(wut_lock.o)
                                         0xcc (size before relaxing)
                0x00000000020022a8                __wut_lock_init
 .text.__wut_lock_close
                0x0000000002002394       0xd0 C:/devkitPro/wut/lib\libwut.a(wut_lock.o)
                                         0xc0 (size before relaxing)
                0x0000000002002394                __wut_lock_close
 .text.__wut_lock_acquire
                0x0000000002002464       0x64 C:/devkitPro/wut/lib\libwut.a(wut_lock.o)
                                         0x54 (size before relaxing)
                0x0000000002002464                __wut_lock_acquire
 .text.__wut_lock_release
                0x00000000020024c8       0x64 C:/devkitPro/wut/lib\libwut.a(wut_lock.o)
                                         0x54 (size before relaxing)
                0x00000000020024c8                __wut_lock_release
 .text.__wut_fs_stat
                0x000000000200252c      0x11c C:/devkitPro/wut/lib\libwut.a(devoptab_fs_stat.o)
                                         0xfc (size before relaxing)
                0x000000000200252c                __wut_fs_stat
 .text.__wut_fs_chdir
                0x0000000002002648       0xec C:/devkitPro/wut/lib\libwut.a(devoptab_fs_chdir.o)
                                         0xcc (size before relaxing)
                0x0000000002002648                __wut_fs_chdir
 .text.__wut_fs_fstat
                0x0000000002002734       0xd8 C:/devkitPro/wut/lib\libwut.a(devoptab_fs_fstat.o)
                                         0xb8 (size before relaxing)
                0x0000000002002734                __wut_fs_fstat
 .text.__wut_fs_link
                0x000000000200280c       0x10 C:/devkitPro/wut/lib\libwut.a(devoptab_fs_link.o)
                0x000000000200280c                __wut_fs_link
 .text.__wut_fs_read
                0x000000000200281c      0x1e8 C:/devkitPro/wut/lib\libwut.a(devoptab_fs_read.o)
                                        0x1c8 (size before relaxing)
                0x000000000200281c                __wut_fs_read
 .text.__wut_fs_fixpath
                0x0000000002002a04       0xe4 C:/devkitPro/wut/lib\libwut.a(devoptab_fs_utils.o)
                0x0000000002002a04                __wut_fs_fixpath
 .text.__wut_fs_translate_stat_mode
                0x0000000002002ae8       0xa4 C:/devkitPro/wut/lib\libwut.a(devoptab_fs_utils.o)
                0x0000000002002ae8                __wut_fs_translate_stat_mode
 .text.__wut_fs_translate_permission_mode
                0x0000000002002b8c       0x18 C:/devkitPro/wut/lib\libwut.a(devoptab_fs_utils.o)
                0x0000000002002b8c                __wut_fs_translate_permission_mode
 .text.__wut_fs_translate_stat
                0x0000000002002ba4      0x138 C:/devkitPro/wut/lib\libwut.a(devoptab_fs_utils.o)
                0x0000000002002ba4                __wut_fs_translate_stat
 .text.__wut_fs_translate_error
                0x0000000002002cdc       0x98 C:/devkitPro/wut/lib\libwut.a(devoptab_fs_utils.o)
                0x0000000002002cdc                __wut_fs_translate_error
 .text.__wut_fs_open
                0x0000000002002d74      0x4a8 C:/devkitPro/wut/lib\libwut.a(devoptab_fs_open.o)
                                        0x458 (size before relaxing)
                0x0000000002002d74                __wut_fs_open
 .text.__wut_fs_unlink
                0x000000000200321c       0xf8 C:/devkitPro/wut/lib\libwut.a(devoptab_fs_unlink.o)
                                         0xd8 (size before relaxing)
                0x000000000200321c                __wut_fs_unlink
 .text.__wut_fs_fsync
                0x0000000002003314       0xa8 C:/devkitPro/wut/lib\libwut.a(devoptab_fs_fsync.o)
                                         0x88 (size before relaxing)
                0x0000000002003314                __wut_fs_fsync
 .text.__wut_fs_diropen
                0x00000000020033bc      0x144 C:/devkitPro/wut/lib\libwut.a(devoptab_fs_diropen.o)
                                        0x124 (size before relaxing)
                0x00000000020033bc                __wut_fs_diropen
 .text.shutdown
                0x0000000002003500       0x68 C:/devkitPro/wut/lib\libwut.a(shutdown.o)
                                         0x58 (size before relaxing)
                0x0000000002003500                shutdown
 .text.setsockopt
                0x0000000002003568       0xa4 C:/devkitPro/wut/lib\libwut.a(setsockopt.o)
                                         0x94 (size before relaxing)
                0x0000000002003568                setsockopt
 .text.sendto   0x000000000200360c       0xb8 C:/devkitPro/wut/lib\libwut.a(sendto.o)
                                         0xa8 (size before relaxing)
                0x000000000200360c                sendto
 .text.__init_wut_socket
                0x00000000020036c4       0x60 C:/devkitPro/wut/lib\libwut.a(wut_socket_common.o)
                                         0x30 (size before relaxing)
                0x00000000020036c4                __init_wut_socket
 .text.__fini_wut_socket
                0x0000000002003724       0x60 C:/devkitPro/wut/lib\libwut.a(wut_socket_common.o)
                                         0x30 (size before relaxing)
                0x0000000002003724                __fini_wut_socket
 .text.__wut_get_nsysnet_fd
                0x0000000002003784       0x8c C:/devkitPro/wut/lib\libwut.a(wut_socket_common.o)
                0x0000000002003784                __wut_get_nsysnet_fd
 .text.__wut_get_nsysnet_result
                0x0000000002003810       0x98 C:/devkitPro/wut/lib\libwut.a(wut_socket_common.o)
                                         0x88 (size before relaxing)
                0x0000000002003810                __wut_get_nsysnet_result
 .text.__wut_socket_open
                0x00000000020038a8       0x10 C:/devkitPro/wut/lib\libwut.a(wut_socket_open.o)
                0x00000000020038a8                __wut_socket_open
 .text.socket   0x00000000020038b8       0xe0 C:/devkitPro/wut/lib\libwut.a(socket.o)
                                         0xd0 (size before relaxing)
                0x00000000020038b8                socket
 .text.__wut_socket_close
                0x0000000002003998       0x48 C:/devkitPro/wut/lib\libwut.a(wut_socket_close.o)
                                         0x38 (size before relaxing)
                0x0000000002003998                __wut_socket_close
 .text.__wut_socket_read
                0x00000000020039e0       0x54 C:/devkitPro/wut/lib\libwut.a(wut_socket_read.o)
                                         0x44 (size before relaxing)
                0x00000000020039e0                __wut_socket_read
 .text.__wut_socket_write
                0x0000000002003a34       0x54 C:/devkitPro/wut/lib\libwut.a(wut_socket_write.o)
                                         0x44 (size before relaxing)
                0x0000000002003a34                __wut_socket_write
 .text.__divdi3
                0x0000000002003a88      0x3f0 c:/devkitpro/devkitppc/bin/../lib/gcc/powerpc-eabi/12.1.0\libgcc.a(_divdi3.o)
                0x0000000002003a88                __divdi3
 .text.__udivdi3
                0x0000000002003e78      0x3bc c:/devkitpro/devkitppc/bin/../lib/gcc/powerpc-eabi/12.1.0\libgcc.a(_udivdi3.o)
                0x0000000002003e78                __udivdi3
 .text          0x0000000002004234       0x48 c:/devkitpro/devkitppc/bin/../lib/gcc/powerpc-eabi/12.1.0\libgcc.a(eabi.o)
                0x0000000002004234                __eabi
 .text.null_write
                0x000000000200427c        0x8 c:/devkitpro/devkitppc/bin/../lib/gcc/powerpc-eabi/12.1.0/../../../../powerpc-eabi/lib\libsysbase.a(iosupport.o)
 .text.setDefaultDevice
                0x0000000002004284       0x18 c:/devkitpro/devkitppc/bin/../lib/gcc/powerpc-eabi/12.1.0/../../../../powerpc-eabi/lib\libsysbase.a(iosupport.o)
                0x0000000002004284                setDefaultDevice
 .text.FindDevice
                0x000000000200429c      0x128 c:/devkitpro/devkitppc/bin/../lib/gcc/powerpc-eabi/12.1.0/../../../../powerpc-eabi/lib\libsysbase.a(iosupport.o)
                0x000000000200429c                FindDevice
 .text.RemoveDevice
                0x00000000020043c4       0x44 c:/devkitpro/devkitppc/bin/../lib/gcc/powerpc-eabi/12.1.0/../../../../powerpc-eabi/lib\libsysbase.a(iosupport.o)
                0x00000000020043c4                RemoveDevice
 .text.AddDevice
                0x0000000002004408      0x114 c:/devkitpro/devkitppc/bin/../lib/gcc/powerpc-eabi/12.1.0/../../../../powerpc-eabi/lib\libsysbase.a(iosupport.o)
                0x0000000002004408                AddDevice
 .text._concatenate_path
                0x000000000200451c      0x244 c:/devkitpro/devkitppc/bin/../lib/gcc/powerpc-eabi/12.1.0/../../../../powerpc-eabi/lib\libsysbase.a(chdir.o)
                0x000000000200451c                _concatenate_path
 .text.chdir    0x0000000002004760      0x1b0 c:/devkitpro/devkitppc/bin/../lib/gcc/powerpc-eabi/12.1.0/../../../../powerpc-eabi/lib\libsysbase.a(chdir.o)
                0x0000000002004760                chdir
 .text.__release_handle
                0x0000000002004910       0xe4 c:/devkitpro/devkitppc/bin/../lib/gcc/powerpc-eabi/12.1.0/../../../../powerpc-eabi/lib\libsysbase.a(handle_manager.o)
                0x0000000002004910                __release_handle
 .text.__alloc_handle
                0x00000000020049f4      0x124 c:/devkitpro/devkitppc/bin/../lib/gcc/powerpc-eabi/12.1.0/../../../../powerpc-eabi/lib\libsysbase.a(handle_manager.o)
                0x00000000020049f4                __alloc_handle
 .text.__get_handle
                0x0000000002004b18       0x24 c:/devkitpro/devkitppc/bin/../lib/gcc/powerpc-eabi/12.1.0/../../../../powerpc-eabi/lib\libsysbase.a(handle_manager.o)
                0x0000000002004b18                __get_handle
 .text.__libc_lock_init
                0x0000000002004b3c       0x1c c:/devkitpro/devkitppc/bin/../lib/gcc/powerpc-eabi/12.1.0/../../../../powerpc-eabi/lib\libsysbase.a(syscall_support.o)
                0x0000000002004b3c                __libc_lock_init
 .text.__libc_lock_close
                0x0000000002004b58       0x1c c:/devkitpro/devkitppc/bin/../lib/gcc/powerpc-eabi/12.1.0/../../../../powerpc-eabi/lib\libsysbase.a(syscall_support.o)
                0x0000000002004b58                __libc_lock_close
 .text.__libc_lock_release
                0x0000000002004b74       0x1c c:/devkitpro/devkitppc/bin/../lib/gcc/powerpc-eabi/12.1.0/../../../../powerpc-eabi/lib\libsysbase.a(syscall_support.o)
                0x0000000002004b74                __libc_lock_release
 .text.__libc_lock_acquire
                0x0000000002004b90       0x1c c:/devkitpro/devkitppc/bin/../lib/gcc/powerpc-eabi/12.1.0/../../../../powerpc-eabi/lib\libsysbase.a(syscall_support.o)
                0x0000000002004b90                __libc_lock_acquire
 .text.__malloc_lock
                0x0000000002004bac       0x14 c:/devkitpro/devkitppc/bin/../lib/gcc/powerpc-eabi/12.1.0/../../../../powerpc-eabi/lib\libsysbase.a(syscall_support.o)
                0x0000000002004bac                __malloc_lock
 .text.__malloc_unlock
                0x0000000002004bc0       0x14 c:/devkitpro/devkitppc/bin/../lib/gcc/powerpc-eabi/12.1.0/../../../../powerpc-eabi/lib\libsysbase.a(syscall_support.o)
                0x0000000002004bc0                __malloc_unlock
 .text._calloc_r
                0x0000000002004bd4      0x100 c:/devkitpro/devkitppc/bin/../lib/gcc/powerpc-eabi/12.1.0/../../../../powerpc-eabi/lib\libc.a(lib_a-callocr.o)
                0x0000000002004bd4                _calloc_r
 .text.__errno  0x0000000002004cd4        0xc c:/devkitpro/devkitppc/bin/../lib/gcc/powerpc-eabi/12.1.0/../../../../powerpc-eabi/lib\libc.a(lib_a-errno.o)
                0x0000000002004cd4                __errno
 .text.memalign
                0x0000000002004ce0       0x18 c:/devkitpro/devkitppc/bin/../lib/gcc/powerpc-eabi/12.1.0/../../../../powerpc-eabi/lib\libc.a(lib_a-malign.o)
                0x0000000002004ce0                memalign
 .text._memalign_r
                0x0000000002004cf8      0x1dc c:/devkitpro/devkitppc/bin/../lib/gcc/powerpc-eabi/12.1.0/../../../../powerpc-eabi/lib\libc.a(lib_a-malignr.o)
                0x0000000002004cf8                _memalign_r
 .text.malloc   0x0000000002004ed4       0x10 c:/devkitpro/devkitppc/bin/../lib/gcc/powerpc-eabi/12.1.0/../../../../powerpc-eabi/lib\libc.a(lib_a-malloc.o)
                0x0000000002004ed4                malloc
 .text.free     0x0000000002004ee4       0x10 c:/devkitpro/devkitppc/bin/../lib/gcc/powerpc-eabi/12.1.0/../../../../powerpc-eabi/lib\libc.a(lib_a-malloc.o)
                0x0000000002004ee4                free
 .text._malloc_r
                0x0000000002004ef4      0x860 c:/devkitpro/devkitppc/bin/../lib/gcc/powerpc-eabi/12.1.0/../../../../powerpc-eabi/lib\libc.a(lib_a-mallocr.o)
                0x0000000002004ef4                _malloc_r
 .text.memcpy   0x0000000002005754      0x128 c:/devkitpro/devkitppc/bin/../lib/gcc/powerpc-eabi/12.1.0/../../../../powerpc-eabi/lib\libc.a(lib_a-memcpy.o)
                0x0000000002005754                memcpy
 .text.memset   0x000000000200587c      0x194 c:/devkitpro/devkitppc/bin/../lib/gcc/powerpc-eabi/12.1.0/../../../../powerpc-eabi/lib\libc.a(lib_a-memset.o)
                0x000000000200587c                memset
 .text.snprintf
                0x0000000002005a10      0x168 c:/devkitpro/devkitppc/bin/../lib/gcc/powerpc-eabi/12.1.0/../../../../powerpc-eabi/lib\libc.a(lib_a-snprintf.o)
                0x0000000002005a10                snprintf
 .text.strchr   0x0000000002005b78      0x154 c:/devkitpro/devkitppc/bin/../lib/gcc/powerpc-eabi/12.1.0/../../../../powerpc-eabi/lib\libc.a(lib_a-strchr.o)
                0x0000000002005b78                strchr
 .text.strcmp   0x0000000002005ccc       0x9c c:/devkitpro/devkitppc/bin/../lib/gcc/powerpc-eabi/12.1.0/../../../../powerpc-eabi/lib\libc.a(lib_a-strcmp.o)
                0x0000000002005ccc                strcmp
 .text.strcpy   0x0000000002005d68       0x8c c:/devkitpro/devkitppc/bin/../lib/gcc/powerpc-eabi/12.1.0/../../../../powerpc-eabi/lib\libc.a(lib_a-strcpy.o)
                0x0000000002005d68                strcpy
 .text.strlen   0x0000000002005df4       0x80 c:/devkitpro/devkitppc/bin/../lib/gcc/powerpc-eabi/12.1.0/../../../../powerpc-eabi/lib\libc.a(lib_a-strlen.o)
                0x0000000002005df4                strlen
 .text.strncmp  0x0000000002005e74       0xcc c:/devkitpro/devkitppc/bin/../lib/gcc/powerpc-eabi/12.1.0/../../../../powerpc-eabi/lib\libc.a(lib_a-strncmp.o)
                0x0000000002005e74                strncmp
 .text.strncpy  0x0000000002005f40      0x108 c:/devkitpro/devkitppc/bin/../lib/gcc/powerpc-eabi/12.1.0/../../../../powerpc-eabi/lib\libc.a(lib_a-strncpy.o)
                0x0000000002005f40                strncpy
 .text.strnlen  0x0000000002006048       0xc8 c:/devkitpro/devkitppc/bin/../lib/gcc/powerpc-eabi/12.1.0/../../../../powerpc-eabi/lib\libc.a(lib_a-strnlen.o)
                0x0000000002006048                strnlen
 .text.strrchr  0x0000000002006110       0x78 c:/devkitpro/devkitppc/bin/../lib/gcc/powerpc-eabi/12.1.0/../../../../powerpc-eabi/lib\libc.a(lib_a-strrchr.o)
                0x0000000002006110                strrchr
 .text._svfprintf_r
                0x0000000002006188     0x2eec c:/devkitpro/devkitppc/bin/../lib/gcc/powerpc-eabi/12.1.0/../../../../powerpc-eabi/lib\libc.a(lib_a-svfprintf.o)
                0x0000000002006188                _svfprintf_r
 .text.close    0x0000000002009074       0x10 c:/devkitpro/devkitppc/bin/../lib/gcc/powerpc-eabi/12.1.0/../../../../powerpc-eabi/lib\libc.a(lib_a-sysclose.o)
                0x0000000002009074                close
 .text.vsnprintf
                0x0000000002009084       0xe8 c:/devkitpro/devkitppc/bin/../lib/gcc/powerpc-eabi/12.1.0/../../../../powerpc-eabi/lib\libc.a(lib_a-vsnprintf.o)
                0x0000000002009084                vsnprintf
 .text._wcrtomb_r
                0x000000000200916c       0xe4 c:/devkitpro/devkitppc/bin/../lib/gcc/powerpc-eabi/12.1.0/../../../../powerpc-eabi/lib\libc.a(lib_a-wcrtomb.o)
                0x000000000200916c                _wcrtomb_r
 .text._wcsrtombs_r
                0x0000000002009250       0x10 c:/devkitpro/devkitppc/bin/../lib/gcc/powerpc-eabi/12.1.0/../../../../powerpc-eabi/lib\libc.a(lib_a-wcsrtombs.o)
                0x0000000002009250                _wcsrtombs_r
 .text.__call_exitprocs
                0x0000000002009260      0x1a4 c:/devkitpro/devkitppc/bin/../lib/gcc/powerpc-eabi/12.1.0/../../../../powerpc-eabi/lib\libc.a(lib_a-__call_atexit.o)
                0x0000000002009260                __call_exitprocs
 .text.quorem   0x0000000002009404      0x2ec c:/devkitpro/devkitppc/bin/../lib/gcc/powerpc-eabi/12.1.0/../../../../powerpc-eabi/lib\libc.a(lib_a-dtoa.o)
 .text._dtoa_r  0x00000000020096f0     0x13e4 c:/devkitpro/devkitppc/bin/../lib/gcc/powerpc-eabi/12.1.0/../../../../powerpc-eabi/lib\libc.a(lib_a-dtoa.o)
                0x00000000020096f0                _dtoa_r
 .text._malloc_trim_r
                0x000000000200aad4      0x138 c:/devkitpro/devkitppc/bin/../lib/gcc/powerpc-eabi/12.1.0/../../../../powerpc-eabi/lib\libc.a(lib_a-freer.o)
                0x000000000200aad4                _malloc_trim_r
 .text._free_r  0x000000000200ac0c      0x330 c:/devkitpro/devkitppc/bin/../lib/gcc/powerpc-eabi/12.1.0/../../../../powerpc-eabi/lib\libc.a(lib_a-freer.o)
                0x000000000200ac0c                _free_r
 .text._localeconv_r
                0x000000000200af3c       0x2c c:/devkitpro/devkitppc/bin/../lib/gcc/powerpc-eabi/12.1.0/../../../../powerpc-eabi/lib\libc.a(lib_a-localeconv.o)
                0x000000000200af3c                _localeconv_r
 .text.__locale_mb_cur_max
                0x000000000200af68       0x2c c:/devkitpro/devkitppc/bin/../lib/gcc/powerpc-eabi/12.1.0/../../../../powerpc-eabi/lib\libc.a(lib_a-locale.o)
                0x000000000200af68                __locale_mb_cur_max
 .text.__utf8_mbtowc
                0x000000000200af94      0x300 c:/devkitpro/devkitppc/bin/../lib/gcc/powerpc-eabi/12.1.0/../../../../powerpc-eabi/lib\libc.a(lib_a-mbtowc_r.o)
                0x000000000200af94                __utf8_mbtowc
 .text.memchr   0x000000000200b294      0x1b4 c:/devkitpro/devkitppc/bin/../lib/gcc/powerpc-eabi/12.1.0/../../../../powerpc-eabi/lib\libc.a(lib_a-memchr.o)
                0x000000000200b294                memchr
 .text._Balloc  0x000000000200b448       0xe0 c:/devkitpro/devkitppc/bin/../lib/gcc/powerpc-eabi/12.1.0/../../../../powerpc-eabi/lib\libc.a(lib_a-mprec.o)
                0x000000000200b448                _Balloc
 .text._Bfree   0x000000000200b528       0x24 c:/devkitpro/devkitppc/bin/../lib/gcc/powerpc-eabi/12.1.0/../../../../powerpc-eabi/lib\libc.a(lib_a-mprec.o)
                0x000000000200b528                _Bfree
 .text.__multadd
                0x000000000200b54c      0x158 c:/devkitpro/devkitppc/bin/../lib/gcc/powerpc-eabi/12.1.0/../../../../powerpc-eabi/lib\libc.a(lib_a-mprec.o)
                0x000000000200b54c                __multadd
 .text.__hi0bits
                0x000000000200b6a4       0x7c c:/devkitpro/devkitppc/bin/../lib/gcc/powerpc-eabi/12.1.0/../../../../powerpc-eabi/lib\libc.a(lib_a-mprec.o)
                0x000000000200b6a4                __hi0bits
 .text.__lo0bits
                0x000000000200b720       0xb4 c:/devkitpro/devkitppc/bin/../lib/gcc/powerpc-eabi/12.1.0/../../../../powerpc-eabi/lib\libc.a(lib_a-mprec.o)
                0x000000000200b720                __lo0bits
 .text.__i2b    0x000000000200b7d4      0x108 c:/devkitpro/devkitppc/bin/../lib/gcc/powerpc-eabi/12.1.0/../../../../powerpc-eabi/lib\libc.a(lib_a-mprec.o)
                0x000000000200b7d4                __i2b
 .text.__multiply
                0x000000000200b8dc      0x308 c:/devkitpro/devkitppc/bin/../lib/gcc/powerpc-eabi/12.1.0/../../../../powerpc-eabi/lib\libc.a(lib_a-mprec.o)
                0x000000000200b8dc                __multiply
 .text.__pow5mult
                0x000000000200bbe4      0x17c c:/devkitpro/devkitppc/bin/../lib/gcc/powerpc-eabi/12.1.0/../../../../powerpc-eabi/lib\libc.a(lib_a-mprec.o)
                0x000000000200bbe4                __pow5mult
 .text.__lshift
                0x000000000200bd60      0x250 c:/devkitpro/devkitppc/bin/../lib/gcc/powerpc-eabi/12.1.0/../../../../powerpc-eabi/lib\libc.a(lib_a-mprec.o)
                0x000000000200bd60                __lshift
 .text.__mcmp   0x000000000200bfb0       0xe0 c:/devkitpro/devkitppc/bin/../lib/gcc/powerpc-eabi/12.1.0/../../../../powerpc-eabi/lib\libc.a(lib_a-mprec.o)
                0x000000000200bfb0                __mcmp
 .text.__mdiff  0x000000000200c090      0x2ec c:/devkitpro/devkitppc/bin/../lib/gcc/powerpc-eabi/12.1.0/../../../../powerpc-eabi/lib\libc.a(lib_a-mprec.o)
                0x000000000200c090                __mdiff
 .text.__d2b    0x000000000200c37c      0x1a0 c:/devkitpro/devkitppc/bin/../lib/gcc/powerpc-eabi/12.1.0/../../../../powerpc-eabi/lib\libc.a(lib_a-mprec.o)
                0x000000000200c37c                __d2b
 .text.frexp    0x000000000200c51c       0x90 c:/devkitpro/devkitppc/bin/../lib/gcc/powerpc-eabi/12.1.0/../../../../powerpc-eabi/lib\libc.a(lib_a-s_frexp.o)
                0x000000000200c51c                frexp
 .text.__ssprint_r
                0x000000000200c5ac      0x260 c:/devkitpro/devkitppc/bin/../lib/gcc/powerpc-eabi/12.1.0/../../../../powerpc-eabi/lib\libc.a(lib_a-svfiprintf.o)
                0x000000000200c5ac                __ssprint_r
 .text._wcsnrtombs_l
                0x000000000200c80c      0x214 c:/devkitpro/devkitppc/bin/../lib/gcc/powerpc-eabi/12.1.0/../../../../powerpc-eabi/lib\libc.a(lib_a-wcsnrtombs.o)
                0x000000000200c80c                _wcsnrtombs_l
 .text._wcsnrtombs_r
                0x000000000200ca20       0x24 c:/devkitpro/devkitppc/bin/../lib/gcc/powerpc-eabi/12.1.0/../../../../powerpc-eabi/lib\libc.a(lib_a-wcsnrtombs.o)
                0x000000000200ca20                _wcsnrtombs_r
 .text.__utf8_wctomb
                0x000000000200ca44      0x108 c:/devkitpro/devkitppc/bin/../lib/gcc/powerpc-eabi/12.1.0/../../../../powerpc-eabi/lib\libc.a(lib_a-wctomb_r.o)
                0x000000000200ca44                __utf8_wctomb
 .text.__assert_func
                0x000000000200cb4c       0x58 c:/devkitpro/devkitppc/bin/../lib/gcc/powerpc-eabi/12.1.0/../../../../powerpc-eabi/lib\libc.a(lib_a-assert.o)
                0x000000000200cb4c                __assert_func
 .text.fiprintf
                0x000000000200cba4       0x94 c:/devkitpro/devkitppc/bin/../lib/gcc/powerpc-eabi/12.1.0/../../../../powerpc-eabi/lib\libc.a(lib_a-fiprintf.o)
                0x000000000200cba4                fiprintf
 .text.memmove  0x000000000200cc38      0x1c0 c:/devkitpro/devkitppc/bin/../lib/gcc/powerpc-eabi/12.1.0/../../../../powerpc-eabi/lib\libc.a(lib_a-memmove.o)
                0x000000000200cc38                memmove
 .text._realloc_r
                0x000000000200cdf8      0x584 c:/devkitpro/devkitppc/bin/../lib/gcc/powerpc-eabi/12.1.0/../../../../powerpc-eabi/lib\libc.a(lib_a-reallocr.o)
                0x000000000200cdf8                _realloc_r
 .text.__sprint_r.part.0
                0x000000000200d37c      0x148 c:/devkitpro/devkitppc/bin/../lib/gcc/powerpc-eabi/12.1.0/../../../../powerpc-eabi/lib\libc.a(lib_a-vfiprintf.o)
 .text._vfiprintf_r
                0x000000000200d4c4     0x1ca8 c:/devkitpro/devkitppc/bin/../lib/gcc/powerpc-eabi/12.1.0/../../../../powerpc-eabi/lib\libc.a(lib_a-vfiprintf.o)
                0x000000000200d4c4                _vfiprintf_r
 .text.__sbprintf
                0x000000000200f16c      0x100 c:/devkitpro/devkitppc/bin/../lib/gcc/powerpc-eabi/12.1.0/../../../../powerpc-eabi/lib\libc.a(lib_a-vfiprintf.o)
 .text.__swsetup_r
                0x000000000200f26c      0x194 c:/devkitpro/devkitppc/bin/../lib/gcc/powerpc-eabi/12.1.0/../../../../powerpc-eabi/lib\libc.a(lib_a-wsetup.o)
                0x000000000200f26c                __swsetup_r
 .text.abort    0x000000000200f400       0x1c c:/devkitpro/devkitppc/bin/../lib/gcc/powerpc-eabi/12.1.0/../../../../powerpc-eabi/lib\libc.a(lib_a-abort.o)
                0x000000000200f400                abort
 .text.__sflush_r
                0x000000000200f41c      0x2f4 c:/devkitpro/devkitppc/bin/../lib/gcc/powerpc-eabi/12.1.0/../../../../powerpc-eabi/lib\libc.a(lib_a-fflush.o)
                0x000000000200f41c                __sflush_r
 .text._fflush_r
                0x000000000200f710      0x108 c:/devkitpro/devkitppc/bin/../lib/gcc/powerpc-eabi/12.1.0/../../../../powerpc-eabi/lib\libc.a(lib_a-fflush.o)
                0x000000000200f710                _fflush_r
 .text._cleanup_r
                0x000000000200f818        0xc c:/devkitpro/devkitppc/bin/../lib/gcc/powerpc-eabi/12.1.0/../../../../powerpc-eabi/lib\libc.a(lib_a-findfp.o)
                0x000000000200f818                _cleanup_r
 .text.__sinit  0x000000000200f824      0x1f8 c:/devkitpro/devkitppc/bin/../lib/gcc/powerpc-eabi/12.1.0/../../../../powerpc-eabi/lib\libc.a(lib_a-findfp.o)
                0x000000000200f824                __sinit
 .text.__sfp_lock_acquire
                0x000000000200fa1c       0x58 c:/devkitpro/devkitppc/bin/../lib/gcc/powerpc-eabi/12.1.0/../../../../powerpc-eabi/lib\libc.a(lib_a-findfp.o)
                0x000000000200fa1c                __sfp_lock_acquire
 .text.__sfp_lock_release
                0x000000000200fa74        0xc c:/devkitpro/devkitppc/bin/../lib/gcc/powerpc-eabi/12.1.0/../../../../powerpc-eabi/lib\libc.a(lib_a-findfp.o)
                0x000000000200fa74                __sfp_lock_release
 .text.__fputwc
                0x000000000200fa80      0x170 c:/devkitpro/devkitppc/bin/../lib/gcc/powerpc-eabi/12.1.0/../../../../powerpc-eabi/lib\libc.a(lib_a-fputwc.o)
                0x000000000200fa80                __fputwc
 .text._fputwc_r
                0x000000000200fbf0       0xd0 c:/devkitpro/devkitppc/bin/../lib/gcc/powerpc-eabi/12.1.0/../../../../powerpc-eabi/lib\libc.a(lib_a-fputwc.o)
                0x000000000200fbf0                _fputwc_r
 .text.__sfvwrite_r
                0x000000000200fcc0      0x5b0 c:/devkitpro/devkitppc/bin/../lib/gcc/powerpc-eabi/12.1.0/../../../../powerpc-eabi/lib\libc.a(lib_a-fvwrite.o)
                0x000000000200fcc0                __sfvwrite_r
 .text._fwalk_reent
                0x0000000002010270       0xb4 c:/devkitpro/devkitppc/bin/../lib/gcc/powerpc-eabi/12.1.0/../../../../powerpc-eabi/lib\libc.a(lib_a-fwalk.o)
                0x0000000002010270                _fwalk_reent
 .text.__smakebuf_r
                0x0000000002010324      0x188 c:/devkitpro/devkitppc/bin/../lib/gcc/powerpc-eabi/12.1.0/../../../../powerpc-eabi/lib\libc.a(lib_a-makebuf.o)
                0x0000000002010324                __smakebuf_r
 .text.raise    0x00000000020104ac       0xe0 c:/devkitpro/devkitppc/bin/../lib/gcc/powerpc-eabi/12.1.0/../../../../powerpc-eabi/lib\libc.a(lib_a-signal.o)
                0x00000000020104ac                raise
 .text.__sread  0x000000000201058c       0x74 c:/devkitpro/devkitppc/bin/../lib/gcc/powerpc-eabi/12.1.0/../../../../powerpc-eabi/lib\libc.a(lib_a-stdio.o)
                0x000000000201058c                __sread
 .text.__swrite
                0x0000000002010600       0xb8 c:/devkitpro/devkitppc/bin/../lib/gcc/powerpc-eabi/12.1.0/../../../../powerpc-eabi/lib\libc.a(lib_a-stdio.o)
                0x0000000002010600                __swrite
 .text.__sseek  0x00000000020106b8       0x70 c:/devkitpro/devkitppc/bin/../lib/gcc/powerpc-eabi/12.1.0/../../../../powerpc-eabi/lib\libc.a(lib_a-stdio.o)
                0x00000000020106b8                __sseek
 .text.__sclose
                0x0000000002010728        0x8 c:/devkitpro/devkitppc/bin/../lib/gcc/powerpc-eabi/12.1.0/../../../../powerpc-eabi/lib\libc.a(lib_a-stdio.o)
                0x0000000002010728                __sclose
 .text.__swbuf_r
                0x0000000002010730      0x18c c:/devkitpro/devkitppc/bin/../lib/gcc/powerpc-eabi/12.1.0/../../../../powerpc-eabi/lib\libc.a(lib_a-wbuf.o)
                0x0000000002010730                __swbuf_r
 .text._fclose_r
                0x00000000020108bc      0x1ec c:/devkitpro/devkitppc/bin/../lib/gcc/powerpc-eabi/12.1.0/../../../../powerpc-eabi/lib\libc.a(lib_a-fclose.o)
                0x00000000020108bc                _fclose_r
 .text._close_r
                0x0000000002010aa8       0xec c:/devkitpro/devkitppc/bin/../lib/gcc/powerpc-eabi/12.1.0/../../../../powerpc-eabi/lib\libsysbase.a(close.o)
                0x0000000002010aa8                _close_r
 .text._fstat_r
                0x0000000002010b94       0xb0 c:/devkitpro/devkitppc/bin/../lib/gcc/powerpc-eabi/12.1.0/../../../../powerpc-eabi/lib\libsysbase.a(fstat.o)
                0x0000000002010b94                _fstat_r
 .text._getpid_r
                0x0000000002010c44       0x10 c:/devkitpro/devkitppc/bin/../lib/gcc/powerpc-eabi/12.1.0/../../../../powerpc-eabi/lib\libsysbase.a(getpid.o)
                0x0000000002010c44                _getpid_r
 .text._isatty_r
                0x0000000002010c54        0x8 c:/devkitpro/devkitppc/bin/../lib/gcc/powerpc-eabi/12.1.0/../../../../powerpc-eabi/lib\libsysbase.a(isatty.o)
                0x0000000002010c54                _isatty_r
 .text._kill_r  0x0000000002010c5c       0x10 c:/devkitpro/devkitppc/bin/../lib/gcc/powerpc-eabi/12.1.0/../../../../powerpc-eabi/lib\libsysbase.a(kill.o)
                0x0000000002010c5c                _kill_r
 .text._lseek_r
                0x0000000002010c6c       0xe0 c:/devkitpro/devkitppc/bin/../lib/gcc/powerpc-eabi/12.1.0/../../../../powerpc-eabi/lib\libsysbase.a(lseek.o)
                0x0000000002010c6c                _lseek_r
 .text._read_r  0x0000000002010d4c       0xc4 c:/devkitpro/devkitppc/bin/../lib/gcc/powerpc-eabi/12.1.0/../../../../powerpc-eabi/lib\libsysbase.a(read.o)
                0x0000000002010d4c                _read_r
 .text._sbrk_r  0x0000000002010e10       0x28 c:/devkitpro/devkitppc/bin/../lib/gcc/powerpc-eabi/12.1.0/../../../../powerpc-eabi/lib\libsysbase.a(sbrk.o)
                0x0000000002010e10                _sbrk_r
 .text._write_r
                0x0000000002010e38       0xc4 c:/devkitpro/devkitppc/bin/../lib/gcc/powerpc-eabi/12.1.0/../../../../powerpc-eabi/lib\libsysbase.a(write.o)
                0x0000000002010e38                _write_r
 .text._exit    0x0000000002010efc       0x28 c:/devkitpro/devkitppc/bin/../lib/gcc/powerpc-eabi/12.1.0/../../../../powerpc-eabi/lib\libsysbase.a(_exit.o)
                0x0000000002010efc                _exit
 .text.__flockfile
                0x0000000002010f24       0x54 c:/devkitpro/devkitppc/bin/../lib/gcc/powerpc-eabi/12.1.0/../../../../powerpc-eabi/lib\libsysbase.a(flock.o)
                0x0000000002010f24                __flockfile
 .text.__funlockfile
                0x0000000002010f78        0x8 c:/devkitpro/devkitppc/bin/../lib/gcc/powerpc-eabi/12.1.0/../../../../powerpc-eabi/lib\libsysbase.a(flock.o)
                0x0000000002010f78                __funlockfile
 .text.__do_global_ctors_aux
                0x0000000002010f80       0x50 c:/devkitpro/devkitppc/bin/../lib/gcc/powerpc-eabi/12.1.0/crtend.o
 *(.gnu.warning)
 *(.glink)
 .glink         0x0000000002010fd0        0x0 c:/devkitpro/devkitppc/bin/../lib/gcc/powerpc-eabi/12.1.0/crtbegin.o
 *(SORT_NONE(.fini))
 .fini          0x0000000002010fd0        0xc c:/devkitpro/devkitppc/bin/../lib/gcc/powerpc-eabi/12.1.0/ecrti.o
                0x0000000002010fd0                __fini
 .fini          0x0000000002010fdc        0x4 c:/devkitpro/devkitppc/bin/../lib/gcc/powerpc-eabi/12.1.0/crtbegin.o
 .fini          0x0000000002010fe0       0x10 c:/devkitpro/devkitppc/bin/../lib/gcc/powerpc-eabi/12.1.0/ecrtn.o
                0x0000000010000000                . = ORIGIN (datamem)

.rodata         0x0000000010000000      0x97c
 *(.sdata2 .sdata2.* .gnu.linkonce.s2.*)
 .sdata2        0x0000000010000000        0x0 c:/devkitpro/devkitppc/bin/../lib/gcc/powerpc-eabi/12.1.0/ecrti.o
                0x0000000010000000                __SDATA2_START__
 .sdata2        0x0000000010000000        0x0 c:/devkitpro/devkitppc/bin/../lib/gcc/powerpc-eabi/12.1.0/crtbegin.o
                0x0000000010008000                _SDA2_BASE_
 *(.sbss2 .sbss2.* .gnu.linkonce.sb2.*)
 .sbss2         0x0000000010000000        0x0 c:/devkitpro/devkitppc/bin/../lib/gcc/powerpc-eabi/12.1.0/ecrtn.o
                0x0000000010000000                __SBSS2_END__
 *(.rodata .rodata.* .gnu.linkonce.r.*)
 .rodata.str1.4
                0x0000000010000000       0xb5 main.o
                                         0xb9 (size before relaxing)
 *fill*         0x00000000100000b5        0x3 
 .rodata.str1.4
                0x00000000100000b8        0x3 C:/devkitPro/wut/lib\libwut.a(devoptab_fs.o)
 *fill*         0x00000000100000bb        0x1 
 .rodata.WHBLogPrint.str1.4
                0x00000000100000bc        0x4 C:/devkitPro/wut/lib\libwut.a(log.o)
 .rodata.cafeLogHandler.str1.4
                0x00000000100000c0        0x4 C:/devkitPro/wut/lib\libwut.a(log_cafe.o)
 .rodata.__wut_fs_translate_error
                0x00000000100000c0       0x48 C:/devkitPro/wut/lib\libwut.a(devoptab_fs_utils.o)
 .rodata.__wut_fs_open.str1.4
                0x0000000010000108       0x17 C:/devkitPro/wut/lib\libwut.a(devoptab_fs_open.o)
 *fill*         0x000000001000011f        0x1 
 .rodata.__wut_socket_fini_devoptab.str1.4
                0x0000000010000120        0x5 C:/devkitPro/wut/lib\libwut.a(wut_socket_common.o)
 *fill*         0x0000000010000125        0x3 
 .rodata.__wut_get_nsysnet_fd.str1.4
                0x0000000010000128        0x4 C:/devkitPro/wut/lib\libwut.a(wut_socket_common.o)
 .rodata.__wut_nsysnet_error_code_map
                0x000000001000012c       0x34 C:/devkitPro/wut/lib\libwut.a(wut_socket_common.o)
 .rodata.socket.str1.4
                0x0000000010000160        0x5 C:/devkitPro/wut/lib\libwut.a(socket.o)
 .rodata.AddDevice.str1.4
                0x0000000010000160        0x8 c:/devkitpro/devkitppc/bin/../lib/gcc/powerpc-eabi/12.1.0/../../../../powerpc-eabi/lib\libsysbase.a(iosupport.o)
 .rodata.dotab_stdnull
                0x0000000010000168       0x70 c:/devkitpro/devkitppc/bin/../lib/gcc/powerpc-eabi/12.1.0/../../../../powerpc-eabi/lib\libsysbase.a(iosupport.o)
                0x0000000010000168                dotab_stdnull
 .rodata._ctype_
                0x00000000100001d8      0x101 c:/devkitpro/devkitppc/bin/../lib/gcc/powerpc-eabi/12.1.0/../../../../powerpc-eabi/lib\libc.a(lib_a-ctype_.o)
                0x00000000100001d8                _ctype_
 *fill*         0x00000000100002d9        0x3 
 .rodata._svfprintf_r.str1.4
                0x00000000100002dc       0x42 c:/devkitpro/devkitppc/bin/../lib/gcc/powerpc-eabi/12.1.0/../../../../powerpc-eabi/lib\libc.a(lib_a-svfprintf.o)
 *fill*         0x000000001000031e        0x2 
 .rodata._svfprintf_r
                0x0000000010000320      0x204 c:/devkitpro/devkitppc/bin/../lib/gcc/powerpc-eabi/12.1.0/../../../../powerpc-eabi/lib\libc.a(lib_a-svfprintf.o)
 .rodata.zeroes.0
                0x0000000010000524       0x10 c:/devkitpro/devkitppc/bin/../lib/gcc/powerpc-eabi/12.1.0/../../../../powerpc-eabi/lib\libc.a(lib_a-svfprintf.o)
 .rodata.blanks.1
                0x0000000010000534       0x10 c:/devkitpro/devkitppc/bin/../lib/gcc/powerpc-eabi/12.1.0/../../../../powerpc-eabi/lib\libc.a(lib_a-svfprintf.o)
 .rodata.cst4   0x0000000010000544       0x14 c:/devkitpro/devkitppc/bin/../lib/gcc/powerpc-eabi/12.1.0/../../../../powerpc-eabi/lib\libc.a(lib_a-svfprintf.o)
 .rodata.cst8   0x0000000010000558        0x8 c:/devkitpro/devkitppc/bin/../lib/gcc/powerpc-eabi/12.1.0/../../../../powerpc-eabi/lib\libc.a(lib_a-svfprintf.o)
 .rodata._dtoa_r.str1.4
                0x0000000010000560       0x66 c:/devkitpro/devkitppc/bin/../lib/gcc/powerpc-eabi/12.1.0/../../../../powerpc-eabi/lib\libc.a(lib_a-dtoa.o)
                                         0x6a (size before relaxing)
 *fill*         0x00000000100005c6        0x2 
 .rodata.cst4   0x00000000100005c8       0x18 c:/devkitpro/devkitppc/bin/../lib/gcc/powerpc-eabi/12.1.0/../../../../powerpc-eabi/lib\libc.a(lib_a-dtoa.o)
                                         0x24 (size before relaxing)
 .rodata.cst8   0x00000000100005e0       0x18 c:/devkitpro/devkitppc/bin/../lib/gcc/powerpc-eabi/12.1.0/../../../../powerpc-eabi/lib\libc.a(lib_a-dtoa.o)
 .rodata.str1.4
                0x00000000100005f8       0x44 c:/devkitpro/devkitppc/bin/../lib/gcc/powerpc-eabi/12.1.0/../../../../powerpc-eabi/lib\libc.a(lib_a-locale.o)
                                         0x4c (size before relaxing)
 .rodata.__multadd.str1.4
                0x000000001000063c       0x43 c:/devkitpro/devkitppc/bin/../lib/gcc/powerpc-eabi/12.1.0/../../../../powerpc-eabi/lib\libc.a(lib_a-mprec.o)
                                         0x57 (size before relaxing)
 *fill*         0x000000001000067f        0x1 
 .rodata.p05.0  0x0000000010000680        0xc c:/devkitpro/devkitppc/bin/../lib/gcc/powerpc-eabi/12.1.0/../../../../powerpc-eabi/lib\libc.a(lib_a-mprec.o)
 *fill*         0x000000001000068c        0x4 
 .rodata.__mprec_bigtens
                0x0000000010000690       0x28 c:/devkitpro/devkitppc/bin/../lib/gcc/powerpc-eabi/12.1.0/../../../../powerpc-eabi/lib\libc.a(lib_a-mprec.o)
                0x0000000010000690                __mprec_bigtens
 .rodata.__mprec_tens
                0x00000000100006b8       0xc8 c:/devkitpro/devkitppc/bin/../lib/gcc/powerpc-eabi/12.1.0/../../../../powerpc-eabi/lib\libc.a(lib_a-mprec.o)
                0x00000000100006b8                __mprec_tens
 .rodata.cst4   0x0000000010000780        0x4 c:/devkitpro/devkitppc/bin/../lib/gcc/powerpc-eabi/12.1.0/../../../../powerpc-eabi/lib\libc.a(lib_a-s_frexp.o)
 .rodata.__assert_func.str1.4
                0x0000000010000784       0x3f c:/devkitpro/devkitppc/bin/../lib/gcc/powerpc-eabi/12.1.0/../../../../powerpc-eabi/lib\libc.a(lib_a-assert.o)
                                         0x43 (size before relaxing)
 .rodata._vfiprintf_r.str1.4
                0x00000000100007c3       0x2f c:/devkitpro/devkitppc/bin/../lib/gcc/powerpc-eabi/12.1.0/../../../../powerpc-eabi/lib\libc.a(lib_a-vfiprintf.o)
 *fill*         0x00000000100007c3        0x1 
 .rodata._vfiprintf_r
                0x00000000100007c4      0x16c c:/devkitpro/devkitppc/bin/../lib/gcc/powerpc-eabi/12.1.0/../../../../powerpc-eabi/lib\libc.a(lib_a-vfiprintf.o)
 .rodata.zeroes.0
                0x0000000010000930       0x10 c:/devkitpro/devkitppc/bin/../lib/gcc/powerpc-eabi/12.1.0/../../../../powerpc-eabi/lib\libc.a(lib_a-vfiprintf.o)
 .rodata.blanks.1
                0x0000000010000940       0x10 c:/devkitpro/devkitppc/bin/../lib/gcc/powerpc-eabi/12.1.0/../../../../powerpc-eabi/lib\libc.a(lib_a-vfiprintf.o)
 *(.rodata1)
 *(.gcc_except_table .gcc_except_table.*)
 *(.gnu_extab*)
                0x0000000010000950                . = ALIGN (0x4)
                [!provide]                        PROVIDE (__preinit_array_start = .)
 *(.preinit_array)
                [!provide]                        PROVIDE (__preinit_array_end = .)
                [!provide]                        PROVIDE (__init_array_start = .)
 *crtbegin.o(.ctors)
 .ctors         0x0000000010000950        0x4 c:/devkitpro/devkitppc/bin/../lib/gcc/powerpc-eabi/12.1.0/crtbegin.o
 *crtbegin?.o(.ctors)
 *(SORT_BY_INIT_PRIORITY(.init_array.*) SORT_BY_INIT_PRIORITY(.ctors.*))
 *(.init_array EXCLUDE_FILE(*crtend?.o *crtend.o *crtbegin?.o *crtbegin.o) .ctors)
 .ctors         0x0000000010000954        0x0 c:/devkitpro/devkitppc/bin/../lib/gcc/powerpc-eabi/12.1.0/ecrti.o
                0x0000000010000954                __CTOR_LIST__
 .ctors         0x0000000010000954        0x0 c:/devkitpro/devkitppc/bin/../lib/gcc/powerpc-eabi/12.1.0/ecrtn.o
                0x0000000010000954                __CTOR_END__
 *(SORT_BY_NAME(.ctors.*))
 *(.ctors)
 .ctors         0x0000000010000954        0x4 c:/devkitpro/devkitppc/bin/../lib/gcc/powerpc-eabi/12.1.0/crtend.o
                [!provide]                        PROVIDE (__init_array_end = .)
                [!provide]                        PROVIDE (__fini_array_start = .)
 *crtbegin.o(.dtors)
 .dtors         0x0000000010000958        0x4 c:/devkitpro/devkitppc/bin/../lib/gcc/powerpc-eabi/12.1.0/crtbegin.o
 *crtbegin?.o(.dtors)
 *(SORT_BY_INIT_PRIORITY(.fini_array.*) SORT_BY_INIT_PRIORITY(.dtors.*))
 *(.fini_array EXCLUDE_FILE(*crtend?.o *crtend.o *crtbegin?.o *crtbegin.o) .dtors)
 .dtors         0x000000001000095c        0x0 c:/devkitpro/devkitppc/bin/../lib/gcc/powerpc-eabi/12.1.0/ecrti.o
                0x000000001000095c                __DTOR_LIST__
 .dtors         0x000000001000095c        0x0 c:/devkitpro/devkitppc/bin/../lib/gcc/powerpc-eabi/12.1.0/ecrtn.o
 *(SORT_BY_NAME(.dtors.*))
 *(.dtors)
 .dtors         0x000000001000095c        0x4 c:/devkitpro/devkitppc/bin/../lib/gcc/powerpc-eabi/12.1.0/crtend.o
                0x000000001000095c                __DTOR_END__
                [!provide]                        PROVIDE (__fini_array_end = .)
 *(.jcr)
 *(.fixup)
 *(.got1)
 *(.got2)
 .got2          0x0000000010000960       0x1c c:/devkitpro/devkitppc/bin/../lib/gcc/powerpc-eabi/12.1.0\libgcc.a(eabi.o)
 *(.branch_lt)
 .branch_lt     0x000000001000097c        0x0 c:/devkitpro/devkitppc/bin/../lib/gcc/powerpc-eabi/12.1.0/crtbegin.o
 *(.got)
 *(.plt)
 *(.tm_clone_table)

.eh_frame       0x000000001000097c     0x2b9c
 *(.eh_frame_hdr)
 *(.eh_frame_entry .eh_frame_entry.*)
 *(.eh_frame)
 .eh_frame      0x000000001000097c        0x0 c:/devkitpro/devkitppc/bin/../lib/gcc/powerpc-eabi/12.1.0/ecrti.o
                0x000000001000097c                __EH_FRAME_BEGIN__
 .eh_frame      0x000000001000097c        0x0 c:/devkitpro/devkitppc/bin/../lib/gcc/powerpc-eabi/12.1.0/crtbegin.o
 .eh_frame      0x000000001000097c        0x0 c:/devkitpro/devkitppc/bin/../lib/gcc/powerpc-eabi/12.1.0/crtbegin.o
 .eh_frame      0x000000001000097c       0x58 main.o
 .eh_frame      0x00000000100009d4       0x20 C:/devkitPro/wut/lib\libwut.a(wut_preinit.o)
                                         0x34 (size before relaxing)
 .eh_frame      0x00000000100009f4       0x48 C:/devkitPro/wut/lib\libwut.a(wut_crt.o)
                                         0x5c (size before relaxing)
 .eh_frame      0x0000000010000a3c       0xdc C:/devkitPro/wut/lib\libwut.a(wut_newlib.o)
                                        0x154 (size before relaxing)
 .eh_frame      0x0000000010000b18        0x0 C:/devkitPro/wut/lib\libwut.a(wut_gettod_r.o)
                                         0x54 (size before relaxing)
 .eh_frame      0x0000000010000b18        0x0 C:/devkitPro/wut/lib\libwut.a(wut_nanosleep.o)
                                         0x4c (size before relaxing)
 .eh_frame      0x0000000010000b18       0xa0 C:/devkitPro/wut/lib\libwut.a(wut_sbrk.o)
                                         0xb4 (size before relaxing)
 .eh_frame      0x0000000010000bb8       0x3c C:/devkitPro/wut/lib\libwut.a(wut_malloc_lock.o)
                                         0x50 (size before relaxing)
 .eh_frame      0x0000000010000bf4       0x98 C:/devkitPro/wut/lib\libwut.a(devoptab_fs.o)
                                         0xac (size before relaxing)
 .eh_frame      0x0000000010000c8c       0x38 C:/devkitPro/wut/lib\libwut.a(devoptab_fs_dirclose.o)
                                         0x4c (size before relaxing)
 .eh_frame      0x0000000010000cc4       0x70 C:/devkitPro/wut/lib\libwut.a(devoptab_fs_seek.o)
                                         0x84 (size before relaxing)
 .eh_frame      0x0000000010000d34       0x38 C:/devkitPro/wut/lib\libwut.a(devoptab_fs_dirreset.o)
                                         0x4c (size before relaxing)
 .eh_frame      0x0000000010000d6c       0x50 C:/devkitPro/wut/lib\libwut.a(devoptab_fs_rmdir.o)
                                         0x64 (size before relaxing)
 .eh_frame      0x0000000010000dbc       0x38 C:/devkitPro/wut/lib\libwut.a(devoptab_fs_close.o)
                                         0x4c (size before relaxing)
 .eh_frame      0x0000000010000df4       0x7c C:/devkitPro/wut/lib\libwut.a(devoptab_fs_write.o)
                                         0x90 (size before relaxing)
 .eh_frame      0x0000000010000e70       0x50 C:/devkitPro/wut/lib\libwut.a(devoptab_fs_chmod.o)
                                         0x64 (size before relaxing)
 .eh_frame      0x0000000010000ec0       0x14 C:/devkitPro/wut/lib\libwut.a(devoptab_fs_fchmod.o)
                                         0x28 (size before relaxing)
 .eh_frame      0x0000000010000ed4       0x50 C:/devkitPro/wut/lib\libwut.a(devoptab_fs_mkdir.o)
                                         0x64 (size before relaxing)
 .eh_frame      0x0000000010000f24       0x64 C:/devkitPro/wut/lib\libwut.a(devoptab_fs_dirnext.o)
                                         0x78 (size before relaxing)
 .eh_frame      0x0000000010000f88       0x48 C:/devkitPro/wut/lib\libwut.a(devoptab_fs_truncate.o)
                                         0x5c (size before relaxing)
 .eh_frame      0x0000000010000fd0       0x14 C:/devkitPro/wut/lib\libwut.a(devoptab_fs_statvfs.o)
                                         0x28 (size before relaxing)
 .eh_frame      0x0000000010000fe4       0x60 C:/devkitPro/wut/lib\libwut.a(devoptab_fs_rename.o)
                                         0x74 (size before relaxing)
 .eh_frame      0x0000000010001044       0x14 C:/devkitPro/wut/lib\libwut.a(devoptab_fs_utimes.o)
                                         0x28 (size before relaxing)
 .eh_frame      0x0000000010001058       0x50 C:/devkitPro/wut/lib\libwut.a(wut_defaultheap.o)
                                         0x78 (size before relaxing)
 .eh_frame      0x00000000100010a8       0x7c C:/devkitPro/wut/lib\libwut.a(log_udp.o)
                                         0x90 (size before relaxing)
 .eh_frame      0x0000000010001124       0x74 C:/devkitPro/wut/lib\libwut.a(log.o)
                                        0x12c (size before relaxing)
 .eh_frame      0x0000000010001198      0x128 C:/devkitPro/wut/lib\libwut.a(console.o)
                                        0x150 (size before relaxing)
 .eh_frame      0x00000000100012c0       0x58 C:/devkitPro/wut/lib\libwut.a(log_cafe.o)
                                         0x6c (size before relaxing)
 .eh_frame      0x0000000010001318       0x78 C:/devkitPro/wut/lib\libwut.a(proc.o)
                                         0xdc (size before relaxing)
 .eh_frame      0x0000000010001390       0x28 C:/devkitPro/wut/lib\libwut.a(wut_gthread.o)
                                        0x2a4 (size before relaxing)
 .eh_frame      0x00000000100013b8       0xd0 C:/devkitPro/wut/lib\libwut.a(wut_lock.o)
                                         0xe4 (size before relaxing)
 .eh_frame      0x0000000010001488        0x0 C:/devkitPro/wut/lib\libwut.a(wut_clock.o)
                                         0xb0 (size before relaxing)
 .eh_frame      0x0000000010001488       0x64 C:/devkitPro/wut/lib\libwut.a(devoptab_fs_stat.o)
                                         0x78 (size before relaxing)
 .eh_frame      0x00000000100014ec       0x50 C:/devkitPro/wut/lib\libwut.a(devoptab_fs_chdir.o)
                                         0x64 (size before relaxing)
 .eh_frame      0x000000001000153c       0x48 C:/devkitPro/wut/lib\libwut.a(devoptab_fs_fstat.o)
                                         0x5c (size before relaxing)
 .eh_frame      0x0000000010001584       0x14 C:/devkitPro/wut/lib\libwut.a(devoptab_fs_link.o)
                                         0x28 (size before relaxing)
 .eh_frame      0x0000000010001598       0x84 C:/devkitPro/wut/lib\libwut.a(devoptab_fs_read.o)
                                         0x98 (size before relaxing)
 .eh_frame      0x000000001000161c       0xc4 C:/devkitPro/wut/lib\libwut.a(devoptab_fs_utils.o)
                                         0xf8 (size before relaxing)
 .eh_frame      0x00000000100016e0       0xe4 C:/devkitPro/wut/lib\libwut.a(devoptab_fs_open.o)
                                         0xf8 (size before relaxing)
 .eh_frame      0x00000000100017c4       0x50 C:/devkitPro/wut/lib\libwut.a(devoptab_fs_unlink.o)
                                         0x64 (size before relaxing)
 .eh_frame      0x0000000010001814       0x38 C:/devkitPro/wut/lib\libwut.a(devoptab_fs_fsync.o)
                                         0x4c (size before relaxing)
 .eh_frame      0x000000001000184c       0x6c C:/devkitPro/wut/lib\libwut.a(devoptab_fs_diropen.o)
                                         0x80 (size before relaxing)
 .eh_frame      0x00000000100018b8       0x30 C:/devkitPro/wut/lib\libwut.a(shutdown.o)
                                         0x44 (size before relaxing)
 .eh_frame      0x00000000100018e8       0x40 C:/devkitPro/wut/lib\libwut.a(setsockopt.o)
                                         0x54 (size before relaxing)
 .eh_frame      0x0000000010001928       0x44 C:/devkitPro/wut/lib\libwut.a(sendto.o)
                                         0x58 (size before relaxing)
 .eh_frame      0x000000001000196c       0x9c C:/devkitPro/wut/lib\libwut.a(wut_socket_common.o)
                                         0xd8 (size before relaxing)
 .eh_frame      0x0000000010001a08       0x14 C:/devkitPro/wut/lib\libwut.a(wut_socket_open.o)
                                         0x28 (size before relaxing)
 .eh_frame      0x0000000010001a1c       0x40 C:/devkitPro/wut/lib\libwut.a(socket.o)
                                         0x54 (size before relaxing)
 .eh_frame      0x0000000010001a5c        0x0 C:/devkitPro/wut/lib\libwut.a(wut_gthread_once.o)
                                         0x40 (size before relaxing)
 .eh_frame      0x0000000010001a5c        0x0 C:/devkitPro/wut/lib\libwut.a(wut_gthread_mutex.o)
                                         0x9c (size before relaxing)
 .eh_frame      0x0000000010001a5c        0x0 C:/devkitPro/wut/lib\libwut.a(wut_gthread_cond.o)
                                        0x12c (size before relaxing)
 .eh_frame      0x0000000010001a5c        0x0 C:/devkitPro/wut/lib\libwut.a(wut_gthread_thread.o)
                                        0x11c (size before relaxing)
 .eh_frame      0x0000000010001a5c        0x0 C:/devkitPro/wut/lib\libwut.a(wut_gthread_keys.o)
                                        0x12c (size before relaxing)
 .eh_frame      0x0000000010001a5c        0x0 C:/devkitPro/wut/lib\libwut.a(wut_gthread_recursive_mutex.o)
                                         0xa8 (size before relaxing)
 .eh_frame      0x0000000010001a5c       0x28 C:/devkitPro/wut/lib\libwut.a(wut_socket_close.o)
                                         0x3c (size before relaxing)
 .eh_frame      0x0000000010001a84       0x28 C:/devkitPro/wut/lib\libwut.a(wut_socket_read.o)
                                         0x3c (size before relaxing)
 .eh_frame      0x0000000010001aac       0x28 C:/devkitPro/wut/lib\libwut.a(wut_socket_write.o)
                                         0x3c (size before relaxing)
 .eh_frame      0x0000000010001ad4       0x24 c:/devkitpro/devkitppc/bin/../lib/gcc/powerpc-eabi/12.1.0\libgcc.a(_divdi3.o)
                                         0x38 (size before relaxing)
 .eh_frame      0x0000000010001af8       0x34 c:/devkitpro/devkitppc/bin/../lib/gcc/powerpc-eabi/12.1.0\libgcc.a(_udivdi3.o)
                                         0x48 (size before relaxing)
 .eh_frame      0x0000000010001b2c       0xe8 c:/devkitpro/devkitppc/bin/../lib/gcc/powerpc-eabi/12.1.0/../../../../powerpc-eabi/lib\libsysbase.a(iosupport.o)
                                        0x124 (size before relaxing)
 .eh_frame      0x0000000010001c14       0xd0 c:/devkitpro/devkitppc/bin/../lib/gcc/powerpc-eabi/12.1.0/../../../../powerpc-eabi/lib\libsysbase.a(chdir.o)
                                        0x130 (size before relaxing)
 .eh_frame      0x0000000010001ce4       0x74 c:/devkitpro/devkitppc/bin/../lib/gcc/powerpc-eabi/12.1.0/../../../../powerpc-eabi/lib\libsysbase.a(handle_manager.o)
                                         0xfc (size before relaxing)
 .eh_frame      0x0000000010001d58       0x78 c:/devkitpro/devkitppc/bin/../lib/gcc/powerpc-eabi/12.1.0/../../../../powerpc-eabi/lib\libsysbase.a(syscall_support.o)
                                         0x8c (size before relaxing)
 .eh_frame      0x0000000010001dd0        0x0 c:/devkitpro/devkitppc/bin/../lib/gcc/powerpc-eabi/12.1.0/../../../../powerpc-eabi/lib\libc.a(lib_a-calloc.o)
                                         0x28 (size before relaxing)
 .eh_frame      0x0000000010001dd0       0x44 c:/devkitpro/devkitppc/bin/../lib/gcc/powerpc-eabi/12.1.0/../../../../powerpc-eabi/lib\libc.a(lib_a-callocr.o)
                                         0x58 (size before relaxing)
 .eh_frame      0x0000000010001e14        0x0 c:/devkitpro/devkitppc/bin/../lib/gcc/powerpc-eabi/12.1.0/../../../../powerpc-eabi/lib\libc.a(lib_a-ctype_.o)
                                         0x28 (size before relaxing)
 .eh_frame      0x0000000010001e14       0x14 c:/devkitpro/devkitppc/bin/../lib/gcc/powerpc-eabi/12.1.0/../../../../powerpc-eabi/lib\libc.a(lib_a-errno.o)
                                         0x28 (size before relaxing)
 .eh_frame      0x0000000010001e28       0x20 c:/devkitpro/devkitppc/bin/../lib/gcc/powerpc-eabi/12.1.0/../../../../powerpc-eabi/lib\libc.a(lib_a-exit.o)
                                         0x34 (size before relaxing)
 .eh_frame      0x0000000010001e48       0x14 c:/devkitpro/devkitppc/bin/../lib/gcc/powerpc-eabi/12.1.0/../../../../powerpc-eabi/lib\libc.a(lib_a-malign.o)
                                         0x28 (size before relaxing)
 .eh_frame      0x0000000010001e5c       0x58 c:/devkitpro/devkitppc/bin/../lib/gcc/powerpc-eabi/12.1.0/../../../../powerpc-eabi/lib\libc.a(lib_a-malignr.o)
                                         0x6c (size before relaxing)
 .eh_frame      0x0000000010001eb4       0x28 c:/devkitpro/devkitppc/bin/../lib/gcc/powerpc-eabi/12.1.0/../../../../powerpc-eabi/lib\libc.a(lib_a-malloc.o)
                                         0x3c (size before relaxing)
 .eh_frame      0x0000000010001edc       0xe4 c:/devkitpro/devkitppc/bin/../lib/gcc/powerpc-eabi/12.1.0/../../../../powerpc-eabi/lib\libc.a(lib_a-mallocr.o)
                                         0xf8 (size before relaxing)
 .eh_frame      0x0000000010001fc0       0x14 c:/devkitpro/devkitppc/bin/../lib/gcc/powerpc-eabi/12.1.0/../../../../powerpc-eabi/lib\libc.a(lib_a-memcpy.o)
                                         0x28 (size before relaxing)
 .eh_frame      0x0000000010001fd4       0x14 c:/devkitpro/devkitppc/bin/../lib/gcc/powerpc-eabi/12.1.0/../../../../powerpc-eabi/lib\libc.a(lib_a-memset.o)
                                         0x28 (size before relaxing)
 .eh_frame      0x0000000010001fe8       0x48 c:/devkitpro/devkitppc/bin/../lib/gcc/powerpc-eabi/12.1.0/../../../../powerpc-eabi/lib\libc.a(lib_a-snprintf.o)
                                         0xa4 (size before relaxing)
 .eh_frame      0x0000000010002030       0x14 c:/devkitpro/devkitppc/bin/../lib/gcc/powerpc-eabi/12.1.0/../../../../powerpc-eabi/lib\libc.a(lib_a-strchr.o)
                                         0x28 (size before relaxing)
 .eh_frame      0x0000000010002044       0x14 c:/devkitpro/devkitppc/bin/../lib/gcc/powerpc-eabi/12.1.0/../../../../powerpc-eabi/lib\libc.a(lib_a-strcmp.o)
                                         0x28 (size before relaxing)
 .eh_frame      0x0000000010002058       0x14 c:/devkitpro/devkitppc/bin/../lib/gcc/powerpc-eabi/12.1.0/../../../../powerpc-eabi/lib\libc.a(lib_a-strcpy.o)
                                         0x28 (size before relaxing)
 .eh_frame      0x000000001000206c       0x14 c:/devkitpro/devkitppc/bin/../lib/gcc/powerpc-eabi/12.1.0/../../../../powerpc-eabi/lib\libc.a(lib_a-strlen.o)
                                         0x28 (size before relaxing)
 .eh_frame      0x0000000010002080       0x14 c:/devkitpro/devkitppc/bin/../lib/gcc/powerpc-eabi/12.1.0/../../../../powerpc-eabi/lib\libc.a(lib_a-strncmp.o)
                                         0x28 (size before relaxing)
 .eh_frame      0x0000000010002094       0x14 c:/devkitpro/devkitppc/bin/../lib/gcc/powerpc-eabi/12.1.0/../../../../powerpc-eabi/lib\libc.a(lib_a-strncpy.o)
                                         0x28 (size before relaxing)
 .eh_frame      0x00000000100020a8       0x14 c:/devkitpro/devkitppc/bin/../lib/gcc/powerpc-eabi/12.1.0/../../../../powerpc-eabi/lib\libc.a(lib_a-strnlen.o)
                                         0x28 (size before relaxing)
 .eh_frame      0x00000000100020bc       0x34 c:/devkitpro/devkitppc/bin/../lib/gcc/powerpc-eabi/12.1.0/../../../../powerpc-eabi/lib\libc.a(lib_a-strrchr.o)
                                         0x48 (size before relaxing)
 .eh_frame      0x00000000100020f0      0x180 c:/devkitpro/devkitppc/bin/../lib/gcc/powerpc-eabi/12.1.0/../../../../powerpc-eabi/lib\libc.a(lib_a-svfprintf.o)
                                        0x194 (size before relaxing)
 .eh_frame      0x0000000010002270       0x14 c:/devkitpro/devkitppc/bin/../lib/gcc/powerpc-eabi/12.1.0/../../../../powerpc-eabi/lib\libc.a(lib_a-sysclose.o)
                                         0x28 (size before relaxing)
 .eh_frame      0x0000000010002284       0x48 c:/devkitpro/devkitppc/bin/../lib/gcc/powerpc-eabi/12.1.0/../../../../powerpc-eabi/lib\libc.a(lib_a-vsnprintf.o)
                                         0xa4 (size before relaxing)
 .eh_frame      0x00000000100022cc       0x38 c:/devkitpro/devkitppc/bin/../lib/gcc/powerpc-eabi/12.1.0/../../../../powerpc-eabi/lib\libc.a(lib_a-wcrtomb.o)
                                         0x84 (size before relaxing)
 .eh_frame      0x0000000010002304       0x14 c:/devkitpro/devkitppc/bin/../lib/gcc/powerpc-eabi/12.1.0/../../../../powerpc-eabi/lib\libc.a(lib_a-wcsrtombs.o)
                                         0x3c (size before relaxing)
 .eh_frame      0x0000000010002318       0x74 c:/devkitpro/devkitppc/bin/../lib/gcc/powerpc-eabi/12.1.0/../../../../powerpc-eabi/lib\libc.a(lib_a-__call_atexit.o)
                                         0x88 (size before relaxing)
 .eh_frame      0x000000001000238c      0x12c c:/devkitpro/devkitppc/bin/../lib/gcc/powerpc-eabi/12.1.0/../../../../powerpc-eabi/lib\libc.a(lib_a-dtoa.o)
                                        0x140 (size before relaxing)
 .eh_frame      0x00000000100024b8       0x8c c:/devkitpro/devkitppc/bin/../lib/gcc/powerpc-eabi/12.1.0/../../../../powerpc-eabi/lib\libc.a(lib_a-freer.o)
                                         0xa0 (size before relaxing)
 .eh_frame      0x0000000010002544       0x14 c:/devkitpro/devkitppc/bin/../lib/gcc/powerpc-eabi/12.1.0/../../../../powerpc-eabi/lib\libc.a(lib_a-localeconv.o)
                                         0x50 (size before relaxing)
 .eh_frame      0x0000000010002558       0x14 c:/devkitpro/devkitppc/bin/../lib/gcc/powerpc-eabi/12.1.0/../../../../powerpc-eabi/lib\libc.a(lib_a-locale.o)
                                        0x24c (size before relaxing)
 .eh_frame      0x000000001000256c       0x38 c:/devkitpro/devkitppc/bin/../lib/gcc/powerpc-eabi/12.1.0/../../../../powerpc-eabi/lib\libc.a(lib_a-mbtowc_r.o)
                                        0x14c (size before relaxing)
 .eh_frame      0x00000000100025a4       0x14 c:/devkitpro/devkitppc/bin/../lib/gcc/powerpc-eabi/12.1.0/../../../../powerpc-eabi/lib\libc.a(lib_a-memchr.o)
                                         0x28 (size before relaxing)
 .eh_frame      0x00000000100025b8      0x2b4 c:/devkitpro/devkitppc/bin/../lib/gcc/powerpc-eabi/12.1.0/../../../../powerpc-eabi/lib\libc.a(lib_a-mprec.o)
                                        0x3fc (size before relaxing)
 .eh_frame      0x000000001000286c       0x1c c:/devkitpro/devkitppc/bin/../lib/gcc/powerpc-eabi/12.1.0/../../../../powerpc-eabi/lib\libc.a(lib_a-s_frexp.o)
                                         0x30 (size before relaxing)
 .eh_frame      0x0000000010002888        0x0 c:/devkitpro/devkitppc/bin/../lib/gcc/powerpc-eabi/12.1.0/../../../../powerpc-eabi/lib\libc.a(lib_a-strcasecmp.o)
                                         0x28 (size before relaxing)
 .eh_frame      0x0000000010002888        0x0 c:/devkitpro/devkitppc/bin/../lib/gcc/powerpc-eabi/12.1.0/../../../../powerpc-eabi/lib\libc.a(lib_a-strcat.o)
                                         0x3c (size before relaxing)
 .eh_frame      0x0000000010002888        0x0 c:/devkitpro/devkitppc/bin/../lib/gcc/powerpc-eabi/12.1.0/../../../../powerpc-eabi/lib\libc.a(lib_a-strlcpy.o)
                                         0x28 (size before relaxing)
 .eh_frame      0x0000000010002888        0x0 c:/devkitpro/devkitppc/bin/../lib/gcc/powerpc-eabi/12.1.0/../../../../powerpc-eabi/lib\libc.a(lib_a-strncasecmp.o)
                                         0x28 (size before relaxing)
 .eh_frame      0x0000000010002888        0x0 c:/devkitpro/devkitppc/bin/../lib/gcc/powerpc-eabi/12.1.0/../../../../powerpc-eabi/lib\libc.a(lib_a-strtol.o)
                                         0x94 (size before relaxing)
 .eh_frame      0x0000000010002888       0x88 c:/devkitpro/devkitppc/bin/../lib/gcc/powerpc-eabi/12.1.0/../../../../powerpc-eabi/lib\libc.a(lib_a-svfiprintf.o)
                                        0x1c8 (size before relaxing)
 .eh_frame      0x0000000010002910       0xc0 c:/devkitpro/devkitppc/bin/../lib/gcc/powerpc-eabi/12.1.0/../../../../powerpc-eabi/lib\libc.a(lib_a-wcsnrtombs.o)
                                         0xe8 (size before relaxing)
 .eh_frame      0x00000000100029d0       0x14 c:/devkitpro/devkitppc/bin/../lib/gcc/powerpc-eabi/12.1.0/../../../../powerpc-eabi/lib\libc.a(lib_a-wctomb_r.o)
                                         0x8c (size before relaxing)
 .eh_frame      0x00000000100029e4       0x18 c:/devkitpro/devkitppc/bin/../lib/gcc/powerpc-eabi/12.1.0/../../../../powerpc-eabi/lib\libc.a(lib_a-assert.o)
                                         0x44 (size before relaxing)
 .eh_frame      0x00000000100029fc       0x20 c:/devkitpro/devkitppc/bin/../lib/gcc/powerpc-eabi/12.1.0/../../../../powerpc-eabi/lib\libc.a(lib_a-fiprintf.o)
                                         0x54 (size before relaxing)
 .eh_frame      0x0000000010002a1c        0x0 c:/devkitpro/devkitppc/bin/../lib/gcc/powerpc-eabi/12.1.0/../../../../powerpc-eabi/lib\libc.a(lib_a-getenv_r.o)
                                         0xac (size before relaxing)
 .eh_frame      0x0000000010002a1c       0x14 c:/devkitpro/devkitppc/bin/../lib/gcc/powerpc-eabi/12.1.0/../../../../powerpc-eabi/lib\libc.a(lib_a-memmove.o)
                                         0x28 (size before relaxing)
 .eh_frame      0x0000000010002a30       0xf4 c:/devkitpro/devkitppc/bin/../lib/gcc/powerpc-eabi/12.1.0/../../../../powerpc-eabi/lib\libc.a(lib_a-reallocr.o)
                                        0x108 (size before relaxing)
 .eh_frame      0x0000000010002b24      0x260 c:/devkitpro/devkitppc/bin/../lib/gcc/powerpc-eabi/12.1.0/../../../../powerpc-eabi/lib\libc.a(lib_a-vfiprintf.o)
                                        0x29c (size before relaxing)
 .eh_frame      0x0000000010002d84       0x44 c:/devkitpro/devkitppc/bin/../lib/gcc/powerpc-eabi/12.1.0/../../../../powerpc-eabi/lib\libc.a(lib_a-wsetup.o)
                                         0x58 (size before relaxing)
 .eh_frame      0x0000000010002dc8       0x18 c:/devkitpro/devkitppc/bin/../lib/gcc/powerpc-eabi/12.1.0/../../../../powerpc-eabi/lib\libc.a(lib_a-abort.o)
                                         0x2c (size before relaxing)
 .eh_frame      0x0000000010002de0        0x0 c:/devkitpro/devkitppc/bin/../lib/gcc/powerpc-eabi/12.1.0/../../../../powerpc-eabi/lib\libc.a(lib_a-envlock.o)
                                         0x58 (size before relaxing)
 .eh_frame      0x0000000010002de0       0xe0 c:/devkitpro/devkitppc/bin/../lib/gcc/powerpc-eabi/12.1.0/../../../../powerpc-eabi/lib\libc.a(lib_a-fflush.o)
                                        0x140 (size before relaxing)
 .eh_frame      0x0000000010002ec0       0xa4 c:/devkitpro/devkitppc/bin/../lib/gcc/powerpc-eabi/12.1.0/../../../../powerpc-eabi/lib\libc.a(lib_a-findfp.o)
                                        0x204 (size before relaxing)
 .eh_frame      0x0000000010002f64       0xac c:/devkitpro/devkitppc/bin/../lib/gcc/powerpc-eabi/12.1.0/../../../../powerpc-eabi/lib\libc.a(lib_a-fputwc.o)
                                         0xfc (size before relaxing)
 .eh_frame      0x0000000010003010       0xf4 c:/devkitpro/devkitppc/bin/../lib/gcc/powerpc-eabi/12.1.0/../../../../powerpc-eabi/lib\libc.a(lib_a-fvwrite.o)
                                        0x108 (size before relaxing)
 .eh_frame      0x0000000010003104       0x34 c:/devkitpro/devkitppc/bin/../lib/gcc/powerpc-eabi/12.1.0/../../../../powerpc-eabi/lib\libc.a(lib_a-fwalk.o)
                                         0x78 (size before relaxing)
 .eh_frame      0x0000000010003138       0x48 c:/devkitpro/devkitppc/bin/../lib/gcc/powerpc-eabi/12.1.0/../../../../powerpc-eabi/lib\libc.a(lib_a-makebuf.o)
                                         0xa0 (size before relaxing)
 .eh_frame      0x0000000010003180       0x58 c:/devkitpro/devkitppc/bin/../lib/gcc/powerpc-eabi/12.1.0/../../../../powerpc-eabi/lib\libc.a(lib_a-signal.o)
                                        0x24c (size before relaxing)
 .eh_frame      0x00000000100031d8       0xb0 c:/devkitpro/devkitppc/bin/../lib/gcc/powerpc-eabi/12.1.0/../../../../powerpc-eabi/lib\libc.a(lib_a-stdio.o)
                                         0xd8 (size before relaxing)
 .eh_frame      0x0000000010003288       0x34 c:/devkitpro/devkitppc/bin/../lib/gcc/powerpc-eabi/12.1.0/../../../../powerpc-eabi/lib\libc.a(lib_a-wbuf.o)
                                         0x5c (size before relaxing)
 .eh_frame      0x00000000100032bc       0x70 c:/devkitpro/devkitppc/bin/../lib/gcc/powerpc-eabi/12.1.0/../../../../powerpc-eabi/lib\libc.a(lib_a-fclose.o)
                                         0x98 (size before relaxing)
 .eh_frame      0x000000001000332c       0x54 c:/devkitpro/devkitppc/bin/../lib/gcc/powerpc-eabi/12.1.0/../../../../powerpc-eabi/lib\libsysbase.a(close.o)
                                         0x68 (size before relaxing)
 .eh_frame      0x0000000010003380       0x34 c:/devkitpro/devkitppc/bin/../lib/gcc/powerpc-eabi/12.1.0/../../../../powerpc-eabi/lib\libsysbase.a(fstat.o)
                                         0x48 (size before relaxing)
 .eh_frame      0x00000000100033b4       0x14 c:/devkitpro/devkitppc/bin/../lib/gcc/powerpc-eabi/12.1.0/../../../../powerpc-eabi/lib\libsysbase.a(getpid.o)
                                         0x28 (size before relaxing)
 .eh_frame      0x00000000100033c8       0x14 c:/devkitpro/devkitppc/bin/../lib/gcc/powerpc-eabi/12.1.0/../../../../powerpc-eabi/lib\libsysbase.a(isatty.o)
                                         0x28 (size before relaxing)
 .eh_frame      0x00000000100033dc       0x14 c:/devkitpro/devkitppc/bin/../lib/gcc/powerpc-eabi/12.1.0/../../../../powerpc-eabi/lib\libsysbase.a(kill.o)
                                         0x28 (size before relaxing)
 .eh_frame      0x00000000100033f0       0x3c c:/devkitpro/devkitppc/bin/../lib/gcc/powerpc-eabi/12.1.0/../../../../powerpc-eabi/lib\libsysbase.a(lseek.o)
                                         0x50 (size before relaxing)
 .eh_frame      0x000000001000342c       0x38 c:/devkitpro/devkitppc/bin/../lib/gcc/powerpc-eabi/12.1.0/../../../../powerpc-eabi/lib\libsysbase.a(read.o)
                                         0x4c (size before relaxing)
 .eh_frame      0x0000000010003464       0x14 c:/devkitpro/devkitppc/bin/../lib/gcc/powerpc-eabi/12.1.0/../../../../powerpc-eabi/lib\libsysbase.a(sbrk.o)
                                         0x28 (size before relaxing)
 .eh_frame      0x0000000010003478       0x38 c:/devkitpro/devkitppc/bin/../lib/gcc/powerpc-eabi/12.1.0/../../../../powerpc-eabi/lib\libsysbase.a(write.o)
                                         0x4c (size before relaxing)
 .eh_frame      0x00000000100034b0       0x20 c:/devkitpro/devkitppc/bin/../lib/gcc/powerpc-eabi/12.1.0/../../../../powerpc-eabi/lib\libsysbase.a(_exit.o)
                                         0x34 (size before relaxing)
 .eh_frame      0x00000000100034d0       0x44 c:/devkitpro/devkitppc/bin/../lib/gcc/powerpc-eabi/12.1.0/../../../../powerpc-eabi/lib\libsysbase.a(flock.o)
                                         0x58 (size before relaxing)
 .eh_frame      0x0000000010003514        0x0 c:/devkitpro/devkitppc/bin/../lib/gcc/powerpc-eabi/12.1.0/crtend.o
                                          0x4 (size before relaxing)
 .eh_frame      0x0000000010003514        0x4 c:/devkitpro/devkitppc/bin/../lib/gcc/powerpc-eabi/12.1.0/ecrtn.o
                0x0000000010003514                __EH_FRAME_END__
 *(.eh_frame.*)

.data           0x0000000010003518     0x2b2c
 *(.data .data.* .gnu.linkonce.d.*)
 .data.__wut_fs_devoptab
                0x0000000010003518       0x70 C:/devkitPro/wut/lib\libwut.a(devoptab_fs.o)
 .data.sSocket  0x0000000010003588        0x4 C:/devkitPro/wut/lib\libwut.a(log_udp.o)
 .data.consoleColor
                0x000000001000358c        0x4 C:/devkitPro/wut/lib\libwut.a(console.o)
 .data.sConsoleHasForeground
                0x0000000010003590        0x4 C:/devkitPro/wut/lib\libwut.a(console.o)
 .data.__wut_socket_devoptab
                0x0000000010003594       0x70 C:/devkitPro/wut/lib\libwut.a(wut_socket_common.o)
 .data          0x0000000010003604        0x4 c:/devkitpro/devkitppc/bin/../lib/gcc/powerpc-eabi/12.1.0\libgcc.a(eabi.o)
 .data.devoptab_list
                0x0000000010003608       0x40 c:/devkitpro/devkitppc/bin/../lib/gcc/powerpc-eabi/12.1.0/../../../../powerpc-eabi/lib\libsysbase.a(iosupport.o)
                0x0000000010003608                devoptab_list
 .data.defaultDevice
                0x0000000010003648        0x4 c:/devkitpro/devkitppc/bin/../lib/gcc/powerpc-eabi/12.1.0/../../../../powerpc-eabi/lib\libsysbase.a(iosupport.o)
 .data._current_working_directory
                0x000000001000364c     0x1000 c:/devkitpro/devkitppc/bin/../lib/gcc/powerpc-eabi/12.1.0/../../../../powerpc-eabi/lib\libsysbase.a(chdir.o)
 .data.handles  0x000000001000464c     0x1000 c:/devkitpro/devkitppc/bin/../lib/gcc/powerpc-eabi/12.1.0/../../../../powerpc-eabi/lib\libsysbase.a(handle_manager.o)
 .data.__stderr_handle
                0x000000001000564c        0xc c:/devkitpro/devkitppc/bin/../lib/gcc/powerpc-eabi/12.1.0/../../../../powerpc-eabi/lib\libsysbase.a(handle_manager.o)
 .data.__stdout_handle
                0x0000000010005658        0xc c:/devkitpro/devkitppc/bin/../lib/gcc/powerpc-eabi/12.1.0/../../../../powerpc-eabi/lib\libsysbase.a(handle_manager.o)
 .data.__stdin_handle
                0x0000000010005664        0xc c:/devkitpro/devkitppc/bin/../lib/gcc/powerpc-eabi/12.1.0/../../../../powerpc-eabi/lib\libsysbase.a(handle_manager.o)
 .data.impure_data
                0x0000000010005670      0x448 c:/devkitpro/devkitppc/bin/../lib/gcc/powerpc-eabi/12.1.0/../../../../powerpc-eabi/lib\libc.a(lib_a-impure.o)
 .data.__malloc_av_
                0x0000000010005ab8      0x408 c:/devkitpro/devkitppc/bin/../lib/gcc/powerpc-eabi/12.1.0/../../../../powerpc-eabi/lib\libc.a(lib_a-mallocr.o)
                0x0000000010005ab8                __malloc_av_
 .data.__global_locale
                0x0000000010005ec0      0x16c c:/devkitpro/devkitppc/bin/../lib/gcc/powerpc-eabi/12.1.0/../../../../powerpc-eabi/lib\libc.a(lib_a-locale.o)
                0x0000000010005ec0                __global_locale
 *(.data1)
 *(.sdata .sdata.* .gnu.linkonce.s.*)
 .sdata         0x000000001000602c        0x0 c:/devkitpro/devkitppc/bin/../lib/gcc/powerpc-eabi/12.1.0/ecrti.o
                0x000000001000602c                __SDATA_START__
 .sdata         0x000000001000602c        0x0 c:/devkitpro/devkitppc/bin/../lib/gcc/powerpc-eabi/12.1.0/crtbegin.o
                0x000000001000e02c                _SDA_BASE_
 .sdata         0x000000001000602c        0x8 main.o
                0x000000001000602c                version
                0x0000000010006030                data
 .sdata         0x0000000010006034        0x8 c:/devkitpro/devkitppc/bin/../lib/gcc/powerpc-eabi/12.1.0/../../../../powerpc-eabi/lib\libc.a(lib_a-impure.o)
                0x0000000010006034                _global_impure_ptr
                0x0000000010006038                _impure_ptr
 .sdata.__malloc_sbrk_base
                0x000000001000603c        0x4 c:/devkitpro/devkitppc/bin/../lib/gcc/powerpc-eabi/12.1.0/../../../../powerpc-eabi/lib\libc.a(lib_a-mallocr.o)
                0x000000001000603c                __malloc_sbrk_base
 .sdata.__malloc_trim_threshold
                0x0000000010006040        0x4 c:/devkitpro/devkitppc/bin/../lib/gcc/powerpc-eabi/12.1.0/../../../../powerpc-eabi/lib\libc.a(lib_a-mallocr.o)
                0x0000000010006040                __malloc_trim_threshold

.bss            0x0000000010006050     0x1c50
 *(.dynsbss)
 *(.sbss .sbss.* .gnu.linkonce.sb.*)
 .sbss.__wut_exit
                0x0000000010006050        0x4 C:/devkitPro/wut/lib\libwut.a(wut_newlib.o)
                0x0000000010006050                __wut_exit
 .sbss.__wut_devoptab_fs_client
                0x0000000010006054        0x4 C:/devkitPro/wut/lib\libwut.a(devoptab_fs.o)
                0x0000000010006054                __wut_devoptab_fs_client
 .sbss.__malloc_max_total_mem
                0x0000000010006058        0x4 c:/devkitpro/devkitppc/bin/../lib/gcc/powerpc-eabi/12.1.0/../../../../powerpc-eabi/lib\libc.a(lib_a-mallocr.o)
                0x0000000010006058                __malloc_max_total_mem
 .sbss.__malloc_max_sbrked_mem
                0x000000001000605c        0x4 c:/devkitpro/devkitppc/bin/../lib/gcc/powerpc-eabi/12.1.0/../../../../powerpc-eabi/lib\libc.a(lib_a-mallocr.o)
                0x000000001000605c                __malloc_max_sbrked_mem
 .sbss.__malloc_top_pad
                0x0000000010006060        0x4 c:/devkitpro/devkitppc/bin/../lib/gcc/powerpc-eabi/12.1.0/../../../../powerpc-eabi/lib\libc.a(lib_a-mallocr.o)
                0x0000000010006060                __malloc_top_pad
 .sbss.__atexit_recursive_mutex
                0x0000000010006064        0x4 c:/devkitpro/devkitppc/bin/../lib/gcc/powerpc-eabi/12.1.0/../../../../powerpc-eabi/lib\libc.a(lib_a-__call_atexit.o)
                0x0000000010006064                __atexit_recursive_mutex
 .sbss          0x0000000010006068        0x0 c:/devkitpro/devkitppc/bin/../lib/gcc/powerpc-eabi/12.1.0/ecrtn.o
                0x0000000010006068                __SBSS_END__
 *(.scommon)
 *(.dynbss)
 *(.bss .bss.* .gnu.linkonce.b.*)
 .bss.completed.2
                0x0000000010006068        0x1 c:/devkitpro/devkitppc/bin/../lib/gcc/powerpc-eabi/12.1.0/crtbegin.o
 *fill*         0x0000000010006069        0x3 
 .bss.dtor_idx.1
                0x000000001000606c        0x4 c:/devkitpro/devkitppc/bin/../lib/gcc/powerpc-eabi/12.1.0/crtbegin.o
 .bss.object.0  0x0000000010006070       0x18 c:/devkitpro/devkitppc/bin/../lib/gcc/powerpc-eabi/12.1.0/crtbegin.o
 .bss.sHeapSize
                0x0000000010006088        0x4 C:/devkitPro/wut/lib\libwut.a(wut_sbrk.o)
 .bss.sHeapMaxSize
                0x000000001000608c        0x4 C:/devkitPro/wut/lib\libwut.a(wut_sbrk.o)
 .bss.sHeapBase
                0x0000000010006090        0x4 C:/devkitPro/wut/lib\libwut.a(wut_sbrk.o)
 .bss.sHeapHandle
                0x0000000010006094        0x4 C:/devkitPro/wut/lib\libwut.a(wut_sbrk.o)
 *fill*         0x0000000010006098        0x8 
 .bss.sMallocSpinLock
                0x00000000100060a0       0x10 C:/devkitPro/wut/lib\libwut.a(wut_malloc_lock.o)
 .bss.sMountPath
                0x00000000100060b0       0x80 C:/devkitPro/wut/lib\libwut.a(devoptab_fs.o)
 .bss.__wut_sd_mounted
                0x0000000010006130        0x4 C:/devkitPro/wut/lib\libwut.a(devoptab_fs.o)
 .bss.__wut_fs_initialised
                0x0000000010006134        0x4 C:/devkitPro/wut/lib\libwut.a(devoptab_fs.o)
 .bss.sSendAddr
                0x0000000010006138       0x10 C:/devkitPro/wut/lib\libwut.a(log_udp.o)
 .bss.sHandlers
                0x0000000010006148       0x40 C:/devkitPro/wut/lib\libwut.a(log.o)
 .bss.sBufferSizeDRC
                0x0000000010006188        0x4 C:/devkitPro/wut/lib\libwut.a(console.o)
 .bss.sBufferSizeTV
                0x000000001000618c        0x4 C:/devkitPro/wut/lib\libwut.a(console.o)
 .bss.sBufferDRC
                0x0000000010006190        0x4 C:/devkitPro/wut/lib\libwut.a(console.o)
 .bss.sBufferTV
                0x0000000010006194        0x4 C:/devkitPro/wut/lib\libwut.a(console.o)
 .bss.sLineNum  0x0000000010006198        0x4 C:/devkitPro/wut/lib\libwut.a(console.o)
 .bss.sConsoleBuffer
                0x000000001000619c      0x800 C:/devkitPro/wut/lib\libwut.a(console.o)
 .bss.sFromHBL  0x000000001000699c        0x4 C:/devkitPro/wut/lib\libwut.a(proc.o)
 .bss.sRunning  0x00000000100069a0        0x4 C:/devkitPro/wut/lib\libwut.a(proc.o)
 .bss.sMainCore
                0x00000000100069a4        0x4 C:/devkitPro/wut/lib\libwut.a(proc.o)
 .bss.sLibcLockUsedMask
                0x00000000100069a8        0x4 C:/devkitPro/wut/lib\libwut.a(wut_lock.o)
 .bss.sLibcLocks
                0x00000000100069ac      0x2c0 C:/devkitPro/wut/lib\libwut.a(wut_lock.o)
 .bss.temp_cwd  0x0000000010006c6c     0x1000 c:/devkitpro/devkitppc/bin/../lib/gcc/powerpc-eabi/12.1.0/../../../../powerpc-eabi/lib\libsysbase.a(chdir.o)
 .bss.__hndl_lock
                0x0000000010007c6c        0x4 c:/devkitpro/devkitppc/bin/../lib/gcc/powerpc-eabi/12.1.0/../../../../powerpc-eabi/lib\libsysbase.a(handle_manager.o)
 .bss.__malloc_current_mallinfo
                0x0000000010007c70       0x28 c:/devkitpro/devkitppc/bin/../lib/gcc/powerpc-eabi/12.1.0/../../../../powerpc-eabi/lib\libc.a(lib_a-mallocr.o)
                0x0000000010007c70                __malloc_current_mallinfo
 .bss.__sinit_recursive_mutex
                0x0000000010007c98        0x4 c:/devkitpro/devkitppc/bin/../lib/gcc/powerpc-eabi/12.1.0/../../../../powerpc-eabi/lib\libc.a(lib_a-findfp.o)
 .bss.__sfp_recursive_mutex